Archive member included to satisfy reference by file (symbol)

/home/miku/toolchain/gcc-arm-none-eabi/bin/../lib/gcc/arm-none-eabi/10.3.1/../../../../arm-none-eabi/lib/thumb/v7-m/nofp/libc.a(lib_a-exit.o)
                              /home/miku/toolchain/gcc-arm-none-eabi/bin/../lib/gcc/arm-none-eabi/10.3.1/../../../../arm-none-eabi/lib/thumb/v7-m/nofp/crt0.o (exit)
/home/miku/toolchain/gcc-arm-none-eabi/bin/../lib/gcc/arm-none-eabi/10.3.1/../../../../arm-none-eabi/lib/thumb/v7-m/nofp/libc.a(lib_a-impure.o)
                              /home/miku/toolchain/gcc-arm-none-eabi/bin/../lib/gcc/arm-none-eabi/10.3.1/../../../../arm-none-eabi/lib/thumb/v7-m/nofp/libc.a(lib_a-exit.o) (_global_impure_ptr)
/home/miku/toolchain/gcc-arm-none-eabi/bin/../lib/gcc/arm-none-eabi/10.3.1/../../../../arm-none-eabi/lib/thumb/v7-m/nofp/libc.a(lib_a-init.o)
                              /home/miku/toolchain/gcc-arm-none-eabi/bin/../lib/gcc/arm-none-eabi/10.3.1/../../../../arm-none-eabi/lib/thumb/v7-m/nofp/crt0.o (__libc_init_array)
/home/miku/toolchain/gcc-arm-none-eabi/bin/../lib/gcc/arm-none-eabi/10.3.1/../../../../arm-none-eabi/lib/thumb/v7-m/nofp/libc.a(lib_a-memset.o)
                              /home/miku/toolchain/gcc-arm-none-eabi/bin/../lib/gcc/arm-none-eabi/10.3.1/../../../../arm-none-eabi/lib/thumb/v7-m/nofp/crt0.o (memset)
/home/miku/toolchain/gcc-arm-none-eabi/bin/../lib/gcc/arm-none-eabi/10.3.1/../../../../arm-none-eabi/lib/thumb/v7-m/nofp/libc.a(lib_a-__call_atexit.o)
                              /home/miku/toolchain/gcc-arm-none-eabi/bin/../lib/gcc/arm-none-eabi/10.3.1/../../../../arm-none-eabi/lib/thumb/v7-m/nofp/libc.a(lib_a-exit.o) (__call_exitprocs)
/home/miku/toolchain/gcc-arm-none-eabi/bin/../lib/gcc/arm-none-eabi/10.3.1/../../../../arm-none-eabi/lib/thumb/v7-m/nofp/libc.a(lib_a-atexit.o)
                              /home/miku/toolchain/gcc-arm-none-eabi/bin/../lib/gcc/arm-none-eabi/10.3.1/../../../../arm-none-eabi/lib/thumb/v7-m/nofp/libc.a(lib_a-__call_atexit.o) (atexit)
/home/miku/toolchain/gcc-arm-none-eabi/bin/../lib/gcc/arm-none-eabi/10.3.1/../../../../arm-none-eabi/lib/thumb/v7-m/nofp/libc.a(lib_a-fini.o)
                              /home/miku/toolchain/gcc-arm-none-eabi/bin/../lib/gcc/arm-none-eabi/10.3.1/../../../../arm-none-eabi/lib/thumb/v7-m/nofp/libc.a(lib_a-__call_atexit.o) (__libc_fini_array)
/home/miku/toolchain/gcc-arm-none-eabi/bin/../lib/gcc/arm-none-eabi/10.3.1/../../../../arm-none-eabi/lib/thumb/v7-m/nofp/libc.a(lib_a-lock.o)
                              /home/miku/toolchain/gcc-arm-none-eabi/bin/../lib/gcc/arm-none-eabi/10.3.1/../../../../arm-none-eabi/lib/thumb/v7-m/nofp/libc.a(lib_a-__call_atexit.o) (__retarget_lock_acquire_recursive)
/home/miku/toolchain/gcc-arm-none-eabi/bin/../lib/gcc/arm-none-eabi/10.3.1/../../../../arm-none-eabi/lib/thumb/v7-m/nofp/libc.a(lib_a-__atexit.o)
                              /home/miku/toolchain/gcc-arm-none-eabi/bin/../lib/gcc/arm-none-eabi/10.3.1/../../../../arm-none-eabi/lib/thumb/v7-m/nofp/libc.a(lib_a-atexit.o) (__register_exitproc)

Discarded input sections

 .text          0x0000000000000000        0x0 /home/miku/toolchain/gcc-arm-none-eabi/bin/../lib/gcc/arm-none-eabi/10.3.1/thumb/v7-m/nofp/crti.o
 .data          0x0000000000000000        0x0 /home/miku/toolchain/gcc-arm-none-eabi/bin/../lib/gcc/arm-none-eabi/10.3.1/thumb/v7-m/nofp/crti.o
 .bss           0x0000000000000000        0x0 /home/miku/toolchain/gcc-arm-none-eabi/bin/../lib/gcc/arm-none-eabi/10.3.1/thumb/v7-m/nofp/crti.o
 .data          0x0000000000000000        0x4 /home/miku/toolchain/gcc-arm-none-eabi/bin/../lib/gcc/arm-none-eabi/10.3.1/thumb/v7-m/nofp/crtbegin.o
 .rodata        0x0000000000000000       0x24 /home/miku/toolchain/gcc-arm-none-eabi/bin/../lib/gcc/arm-none-eabi/10.3.1/thumb/v7-m/nofp/crtbegin.o
 .text          0x0000000000000000       0x7c /home/miku/toolchain/gcc-arm-none-eabi/bin/../lib/gcc/arm-none-eabi/10.3.1/../../../../arm-none-eabi/lib/thumb/v7-m/nofp/crt0.o
 .data          0x0000000000000000        0x0 /home/miku/toolchain/gcc-arm-none-eabi/bin/../lib/gcc/arm-none-eabi/10.3.1/../../../../arm-none-eabi/lib/thumb/v7-m/nofp/crt0.o
 .bss           0x0000000000000000        0x0 /home/miku/toolchain/gcc-arm-none-eabi/bin/../lib/gcc/arm-none-eabi/10.3.1/../../../../arm-none-eabi/lib/thumb/v7-m/nofp/crt0.o
 .ARM.extab     0x0000000000000000        0x0 /home/miku/toolchain/gcc-arm-none-eabi/bin/../lib/gcc/arm-none-eabi/10.3.1/../../../../arm-none-eabi/lib/thumb/v7-m/nofp/crt0.o
 .ARM.exidx     0x0000000000000000       0x10 /home/miku/toolchain/gcc-arm-none-eabi/bin/../lib/gcc/arm-none-eabi/10.3.1/../../../../arm-none-eabi/lib/thumb/v7-m/nofp/crt0.o
 .ARM.attributes
                0x0000000000000000       0x1b /home/miku/toolchain/gcc-arm-none-eabi/bin/../lib/gcc/arm-none-eabi/10.3.1/../../../../arm-none-eabi/lib/thumb/v7-m/nofp/crt0.o
 .text          0x0000000000000000        0x0 CMakeFiles/Example.elf.dir/Core/Src/Timer.c.obj
[...]
Memory Configuration

Name             Origin             Length             Attributes
RAM              0x0000000020000000 0x0000000000005000 xrw
FLASH            0x0000000008000000 0x0000000000010000 xr
*default*        0x0000000000000000 0xffffffffffffffff

Linker script and memory map

LOAD /home/miku/toolchain/gcc-arm-none-eabi/bin/../lib/gcc/arm-none-eabi/10.3.1/thumb/v7-m/nofp/crti.o
LOAD /home/miku/toolchain/gcc-arm-none-eabi/bin/../lib/gcc/arm-none-eabi/10.3.1/thumb/v7-m/nofp/crtbegin.o
LOAD /home/miku/toolchain/gcc-arm-none-eabi/bin/../lib/gcc/arm-none-eabi/10.3.1/../../../../arm-none-eabi/lib/thumb/v7-m/nofp/crt0.o
LOAD CMakeFiles/Example.elf.dir/Core/Src/Timer.c.obj
LOAD CMakeFiles/Example.elf.dir/Core/Src/dalay.c.obj
LOAD CMakeFiles/Example.elf.dir/Core/Src/gpio.c.obj
LOAD CMakeFiles/Example.elf.dir/Core/Src/main.c.obj
LOAD CMakeFiles/Example.elf.dir/Core/Src/stm32f10x_it.c.obj
LOAD CMakeFiles/Example.elf.dir/Core/Startup/startup_stm32f10x_md.s.obj
LOAD CMakeFiles/Example.elf.dir/Drivers/Src/core_cm3.c.obj
LOAD CMakeFiles/Example.elf.dir/Drivers/Src/misc.c.obj
LOAD CMakeFiles/Example.elf.dir/Drivers/Src/stm32f10x_adc.c.obj
LOAD CMakeFiles/Example.elf.dir/Drivers/Src/stm32f10x_bkp.c.obj
LOAD CMakeFiles/Example.elf.dir/Drivers/Src/stm32f10x_can.c.obj
LOAD CMakeFiles/Example.elf.dir/Drivers/Src/stm32f10x_cec.c.obj
LOAD CMakeFiles/Example.elf.dir/Drivers/Src/stm32f10x_crc.c.obj
LOAD CMakeFiles/Example.elf.dir/Drivers/Src/stm32f10x_dac.c.obj
LOAD CMakeFiles/Example.elf.dir/Drivers/Src/stm32f10x_dbgmcu.c.obj
LOAD CMakeFiles/Example.elf.dir/Drivers/Src/stm32f10x_dma.c.obj
LOAD CMakeFiles/Example.elf.dir/Drivers/Src/stm32f10x_exti.c.obj
LOAD CMakeFiles/Example.elf.dir/Drivers/Src/stm32f10x_flash.c.obj
LOAD CMakeFiles/Example.elf.dir/Drivers/Src/stm32f10x_fsmc.c.obj
LOAD CMakeFiles/Example.elf.dir/Drivers/Src/stm32f10x_gpio.c.obj
LOAD CMakeFiles/Example.elf.dir/Drivers/Src/stm32f10x_i2c.c.obj
LOAD CMakeFiles/Example.elf.dir/Drivers/Src/stm32f10x_iwdg.c.obj
LOAD CMakeFiles/Example.elf.dir/Drivers/Src/stm32f10x_pwr.c.obj
LOAD CMakeFiles/Example.elf.dir/Drivers/Src/stm32f10x_rcc.c.obj
LOAD CMakeFiles/Example.elf.dir/Drivers/Src/stm32f10x_rtc.c.obj
LOAD CMakeFiles/Example.elf.dir/Drivers/Src/stm32f10x_sdio.c.obj
LOAD CMakeFiles/Example.elf.dir/Drivers/Src/stm32f10x_spi.c.obj
LOAD CMakeFiles/Example.elf.dir/Drivers/Src/stm32f10x_tim.c.obj
LOAD CMakeFiles/Example.elf.dir/Drivers/Src/stm32f10x_usart.c.obj
LOAD CMakeFiles/Example.elf.dir/Drivers/Src/stm32f10x_wwdg.c.obj
LOAD CMakeFiles/Example.elf.dir/Drivers/Src/system_stm32f10x.c.obj
START GROUP
LOAD /home/miku/toolchain/gcc-arm-none-eabi/bin/../lib/gcc/arm-none-eabi/10.3.1/thumb/v7-m/nofp/libgcc.a
LOAD /home/miku/toolchain/gcc-arm-none-eabi/bin/../lib/gcc/arm-none-eabi/10.3.1/../../../../arm-none-eabi/lib/thumb/v7-m/nofp/libc.a
END GROUP
LOAD /home/miku/toolchain/gcc-arm-none-eabi/bin/../lib/gcc/arm-none-eabi/10.3.1/thumb/v7-m/nofp/crtend.o
LOAD /home/miku/toolchain/gcc-arm-none-eabi/bin/../lib/gcc/arm-none-eabi/10.3.1/thumb/v7-m/nofp/crtn.o
                0x0000000020005000                _estack = (ORIGIN (RAM) + LENGTH (RAM))
                0x0000000000000200                _Min_Heap_Size = 0x200
                0x0000000000000400                _Min_Stack_Size = 0x400

.isr_vector     0x0000000008000000      0x10c
                0x0000000008000000                . = ALIGN (0x4)
 *(.isr_vector)
 .isr_vector    0x0000000008000000      0x10c CMakeFiles/Example.elf.dir/Core/Startup/startup_stm32f10x_md.s.obj
                0x0000000008000000                g_pfnVectors
                0x000000000800010c                . = ALIGN (0x4)

.text           0x000000000800010c      0x664
                0x000000000800010c                . = ALIGN (0x4)
 *(.text)
 .text          0x000000000800010c       0x40 /home/miku/toolchain/gcc-arm-none-eabi/bin/../lib/gcc/arm-none-eabi/10.3.1/thumb/v7-m/nofp/crtbegin.o
 *(.text*)
 .text.My_GPIO_Init
                0x000000000800014c       0x2c CMakeFiles/Example.elf.dir/Core/Src/gpio.c.obj
                0x000000000800014c                My_GPIO_Init
 .text.startup.main
                0x0000000008000178        0x8 CMakeFiles/Example.elf.dir/Core/Src/main.c.obj
                0x0000000008000178                main
 .text.NMI_Handler
                0x0000000008000180        0x4 CMakeFiles/Example.elf.dir/Core/Src/stm32f10x_it.c.obj
                0x0000000008000180                NMI_Handler
 .text.HardFault_Handler
                0x0000000008000184        0x4 CMakeFiles/Example.elf.dir/Core/Src/stm32f10x_it.c.obj
                0x0000000008000184                HardFault_Handler
 .text.MemManage_Handler
                0x0000000008000188        0x4 CMakeFiles/Example.elf.dir/Core/Src/stm32f10x_it.c.obj
                0x0000000008000188                MemManage_Handler
 .text.BusFault_Handler
                0x000000000800018c        0x4 CMakeFiles/Example.elf.dir/Core/Src/stm32f10x_it.c.obj
                0x000000000800018c                BusFault_Handler
 .text.UsageFault_Handler
                0x0000000008000190        0x4 CMakeFiles/Example.elf.dir/Core/Src/stm32f10x_it.c.obj
                0x0000000008000190                UsageFault_Handler
 .text.SVC_Handler
                0x0000000008000194        0x4 CMakeFiles/Example.elf.dir/Core/Src/stm32f10x_it.c.obj
                0x0000000008000194                SVC_Handler
 .text.DebugMon_Handler
                0x0000000008000198        0x4 CMakeFiles/Example.elf.dir/Core/Src/stm32f10x_it.c.obj
                0x0000000008000198                DebugMon_Handler
 .text.PendSV_Handler
                0x000000000800019c        0x4 CMakeFiles/Example.elf.dir/Core/Src/stm32f10x_it.c.obj
                0x000000000800019c                PendSV_Handler
 .text.SysTick_Handler
                0x00000000080001a0        0x4 CMakeFiles/Example.elf.dir/Core/Src/stm32f10x_it.c.obj
                0x00000000080001a0                SysTick_Handler
 .text.Reset_Handler
                0x00000000080001a4       0x48 CMakeFiles/Example.elf.dir/Core/Startup/startup_stm32f10x_md.s.obj
                0x00000000080001a4                Reset_Handler
 .text.Default_Handler
                0x00000000080001ec        0x2 CMakeFiles/Example.elf.dir/Core/Startup/startup_stm32f10x_md.s.obj
                0x00000000080001ec                RTC_Alarm_IRQHandler
                0x00000000080001ec                EXTI2_IRQHandler
                0x00000000080001ec                TIM1_CC_IRQHandler
                0x00000000080001ec                PVD_IRQHandler
                0x00000000080001ec                EXTI3_IRQHandler
                0x00000000080001ec                EXTI0_IRQHandler
                0x00000000080001ec                I2C2_EV_IRQHandler
                0x00000000080001ec                ADC1_2_IRQHandler
                0x00000000080001ec                SPI1_IRQHandler
                0x00000000080001ec                TAMPER_IRQHandler
                0x00000000080001ec                DMA1_Channel4_IRQHandler
                0x00000000080001ec                USART3_IRQHandler
                0x00000000080001ec                RTC_IRQHandler
                0x00000000080001ec                DMA1_Channel7_IRQHandler
                0x00000000080001ec                CAN1_RX1_IRQHandler
                0x00000000080001ec                TIM4_IRQHandler
                0x00000000080001ec                I2C1_EV_IRQHandler
                0x00000000080001ec                DMA1_Channel6_IRQHandler
                0x00000000080001ec                TIM3_IRQHandler
                0x00000000080001ec                RCC_IRQHandler
                0x00000000080001ec                TIM1_TRG_COM_IRQHandler
                0x00000000080001ec                DMA1_Channel1_IRQHandler
                0x00000000080001ec                Default_Handler
                0x00000000080001ec                EXTI15_10_IRQHandler
                0x00000000080001ec                EXTI9_5_IRQHandler
                0x00000000080001ec                SPI2_IRQHandler
                0x00000000080001ec                DMA1_Channel5_IRQHandler
                0x00000000080001ec                EXTI4_IRQHandler
                0x00000000080001ec                USB_LP_CAN1_RX0_IRQHandler
                0x00000000080001ec                USB_HP_CAN1_TX_IRQHandler
                0x00000000080001ec                DMA1_Channel3_IRQHandler
                0x00000000080001ec                TIM1_UP_IRQHandler
                0x00000000080001ec                WWDG_IRQHandler
                0x00000000080001ec                TIM2_IRQHandler
                0x00000000080001ec                TIM1_BRK_IRQHandler
                0x00000000080001ec                EXTI1_IRQHandler
                0x00000000080001ec                USART2_IRQHandler
                0x00000000080001ec                I2C2_ER_IRQHandler
                0x00000000080001ec                DMA1_Channel2_IRQHandler
                0x00000000080001ec                CAN1_SCE_IRQHandler
                0x00000000080001ec                FLASH_IRQHandler
                0x00000000080001ec                USART1_IRQHandler
                0x00000000080001ec                I2C1_ER_IRQHandler
                0x00000000080001ec                USBWakeUp_IRQHandler
 *fill*         0x00000000080001ee        0x2 
 .text.GPIO_Init
                0x00000000080001f0      0x328 CMakeFiles/Example.elf.dir/Drivers/Src/stm32f10x_gpio.c.obj
                0x00000000080001f0                GPIO_Init
 .text.RCC_APB2PeriphClockCmd
                0x0000000008000518       0x18 CMakeFiles/Example.elf.dir/Drivers/Src/stm32f10x_rcc.c.obj
                0x0000000008000518                RCC_APB2PeriphClockCmd
 .text.SystemInit
                0x0000000008000530      0x100 CMakeFiles/Example.elf.dir/Drivers/Src/system_stm32f10x.c.obj
                0x0000000008000530                SystemInit
 .text.__libc_init_array
                0x0000000008000630       0x48 /home/miku/toolchain/gcc-arm-none-eabi/bin/../lib/gcc/arm-none-eabi/10.3.1/../../../../arm-none-eabi/lib/thumb/v7-m/nofp/libc.a(lib_a-init.o)
                0x0000000008000630                __libc_init_array
 .text.startup.register_fini
                0x0000000008000678       0x14 /home/miku/toolchain/gcc-arm-none-eabi/bin/../lib/gcc/arm-none-eabi/10.3.1/../../../../arm-none-eabi/lib/thumb/v7-m/nofp/libc.a(lib_a-__call_atexit.o)
 .text.atexit   0x000000000800068c        0xc /home/miku/toolchain/gcc-arm-none-eabi/bin/../lib/gcc/arm-none-eabi/10.3.1/../../../../arm-none-eabi/lib/thumb/v7-m/nofp/libc.a(lib_a-atexit.o)
                0x000000000800068c                atexit
 .text.__libc_fini_array
                0x0000000008000698       0x2c /home/miku/toolchain/gcc-arm-none-eabi/bin/../lib/gcc/arm-none-eabi/10.3.1/../../../../arm-none-eabi/lib/thumb/v7-m/nofp/libc.a(lib_a-fini.o)
                0x0000000008000698                __libc_fini_array
 .text.__retarget_lock_acquire_recursive
                0x00000000080006c4        0x4 /home/miku/toolchain/gcc-arm-none-eabi/bin/../lib/gcc/arm-none-eabi/10.3.1/../../../../arm-none-eabi/lib/thumb/v7-m/nofp/libc.a(lib_a-lock.o)
                0x00000000080006c4                __retarget_lock_acquire_recursive
 .text.__retarget_lock_release_recursive
                0x00000000080006c8        0x4 /home/miku/toolchain/gcc-arm-none-eabi/bin/../lib/gcc/arm-none-eabi/10.3.1/../../../../arm-none-eabi/lib/thumb/v7-m/nofp/libc.a(lib_a-lock.o)
                0x00000000080006c8                __retarget_lock_release_recursive
 .text.__register_exitproc
                0x00000000080006cc       0x8c /home/miku/toolchain/gcc-arm-none-eabi/bin/../lib/gcc/arm-none-eabi/10.3.1/../../../../arm-none-eabi/lib/thumb/v7-m/nofp/libc.a(lib_a-__atexit.o)
                0x00000000080006cc                __register_exitproc
 *(.glue_7)
 .glue_7        0x0000000008000758        0x0 linker stubs
 *(.glue_7t)
 .glue_7t       0x0000000008000758        0x0 linker stubs
 *(.eh_frame)
 .eh_frame      0x0000000008000758        0x0 /home/miku/toolchain/gcc-arm-none-eabi/bin/../lib/gcc/arm-none-eabi/10.3.1/thumb/v7-m/nofp/crtbegin.o
 *(.init)
 .init          0x0000000008000758        0x4 /home/miku/toolchain/gcc-arm-none-eabi/bin/../lib/gcc/arm-none-eabi/10.3.1/thumb/v7-m/nofp/crti.o
                0x0000000008000758                _init
 .init          0x000000000800075c        0x8 /home/miku/toolchain/gcc-arm-none-eabi/bin/../lib/gcc/arm-none-eabi/10.3.1/thumb/v7-m/nofp/crtn.o
 *(.fini)
 .fini          0x0000000008000764        0x4 /home/miku/toolchain/gcc-arm-none-eabi/bin/../lib/gcc/arm-none-eabi/10.3.1/thumb/v7-m/nofp/crti.o
                0x0000000008000764                _fini
 .fini          0x0000000008000768        0x8 /home/miku/toolchain/gcc-arm-none-eabi/bin/../lib/gcc/arm-none-eabi/10.3.1/thumb/v7-m/nofp/crtn.o
                0x0000000008000770                . = ALIGN (0x4)
                0x0000000008000770                _etext = .

.vfp11_veneer   0x0000000008000770        0x0
 .vfp11_veneer  0x0000000008000770        0x0 linker stubs

.v4_bx          0x0000000008000770        0x0
 .v4_bx         0x0000000008000770        0x0 linker stubs

.iplt           0x0000000008000770        0x0
 .iplt          0x0000000008000770        0x0 /home/miku/toolchain/gcc-arm-none-eabi/bin/../lib/gcc/arm-none-eabi/10.3.1/thumb/v7-m/nofp/crtbegin.o

.rodata         0x0000000008000770        0x4
                0x0000000008000770                . = ALIGN (0x4)
 *(.rodata)
 *(.rodata*)
 .rodata._global_impure_ptr
                0x0000000008000770        0x4 /home/miku/toolchain/gcc-arm-none-eabi/bin/../lib/gcc/arm-none-eabi/10.3.1/../../../../arm-none-eabi/lib/thumb/v7-m/nofp/libc.a(lib_a-impure.o)
                0x0000000008000770                _global_impure_ptr
                0x0000000008000774                . = ALIGN (0x4)

.rel.dyn        0x0000000008000774        0x0
 .rel.iplt      0x0000000008000774        0x0 /home/miku/toolchain/gcc-arm-none-eabi/bin/../lib/gcc/arm-none-eabi/10.3.1/thumb/v7-m/nofp/crtbegin.o

.ARM.extab      0x0000000008000774        0x0
                0x0000000008000774                . = ALIGN (0x4)
 *(.ARM.extab* .gnu.linkonce.armextab.*)
                0x0000000008000774                . = ALIGN (0x4)

.ARM            0x0000000008000774        0x0
                0x0000000008000774                . = ALIGN (0x4)
                0x0000000008000774                __exidx_start = .
 *(.ARM.exidx*)
                0x0000000008000774                __exidx_end = .
                0x0000000008000774                . = ALIGN (0x4)

.preinit_array  0x0000000008000774        0x0
                0x0000000008000774                . = ALIGN (0x4)
                0x0000000008000774                PROVIDE (__preinit_array_start = .)
 *(.preinit_array*)
                0x0000000008000774                PROVIDE (__preinit_array_end = .)
                0x0000000008000774                . = ALIGN (0x4)

.init_array     0x0000000008000774        0x8
                0x0000000008000774                . = ALIGN (0x4)
                0x0000000008000774                PROVIDE (__init_array_start = .)
 *(SORT_BY_NAME(.init_array.*))
 .init_array.00000
                0x0000000008000774        0x4 /home/miku/toolchain/gcc-arm-none-eabi/bin/../lib/gcc/arm-none-eabi/10.3.1/../../../../arm-none-eabi/lib/thumb/v7-m/nofp/libc.a(lib_a-__call_atexit.o)
 *(.init_array*)
 .init_array    0x0000000008000778        0x4 /home/miku/toolchain/gcc-arm-none-eabi/bin/../lib/gcc/arm-none-eabi/10.3.1/thumb/v7-m/nofp/crtbegin.o
                0x000000000800077c                PROVIDE (__init_array_end = .)
                0x000000000800077c                . = ALIGN (0x4)

.fini_array     0x000000000800077c        0x4
                0x000000000800077c                . = ALIGN (0x4)
                0x000000000800077c                PROVIDE (__fini_array_start = .)
 *(SORT_BY_NAME(.fini_array.*))
 *(.fini_array*)
 .fini_array    0x000000000800077c        0x4 /home/miku/toolchain/gcc-arm-none-eabi/bin/../lib/gcc/arm-none-eabi/10.3.1/thumb/v7-m/nofp/crtbegin.o
                0x0000000008000780                PROVIDE (__fini_array_end = .)
                0x0000000008000780                . = ALIGN (0x4)
                0x0000000008000780                _sidata = LOADADDR (.data)

.data           0x0000000020000000      0x42c load address 0x0000000008000780
                0x0000000020000000                . = ALIGN (0x4)
                0x0000000020000000                _sdata = .
 *(.data)
 *(.data*)
 .data.impure_data
                0x0000000020000000      0x428 /home/miku/toolchain/gcc-arm-none-eabi/bin/../lib/gcc/arm-none-eabi/10.3.1/../../../../arm-none-eabi/lib/thumb/v7-m/nofp/libc.a(lib_a-impure.o)
 .data.__atexit_recursive_mutex
                0x0000000020000428        0x4 /home/miku/toolchain/gcc-arm-none-eabi/bin/../lib/gcc/arm-none-eabi/10.3.1/../../../../arm-none-eabi/lib/thumb/v7-m/nofp/libc.a(lib_a-__call_atexit.o)
                0x0000000020000428                __atexit_recursive_mutex
                0x000000002000042c                . = ALIGN (0x4)
                0x000000002000042c                _edata = .

.igot.plt       0x000000002000042c        0x0 load address 0x0000000008000bac
 .igot.plt      0x000000002000042c        0x0 /home/miku/toolchain/gcc-arm-none-eabi/bin/../lib/gcc/arm-none-eabi/10.3.1/thumb/v7-m/nofp/crtbegin.o
                0x000000002000042c                . = ALIGN (0x4)

.bss            0x000000002000042c       0x20 load address 0x0000000008000bac
                0x000000002000042c                _sbss = .
                0x000000002000042c                __bss_start__ = _sbss
 *(.bss)
 .bss           0x000000002000042c       0x1c /home/miku/toolchain/gcc-arm-none-eabi/bin/../lib/gcc/arm-none-eabi/10.3.1/thumb/v7-m/nofp/crtbegin.o
 *(.bss*)
 .bss.__lock___atexit_recursive_mutex
                0x0000000020000448        0x1 /home/miku/toolchain/gcc-arm-none-eabi/bin/../lib/gcc/arm-none-eabi/10.3.1/../../../../arm-none-eabi/lib/thumb/v7-m/nofp/libc.a(lib_a-lock.o)
                0x0000000020000448                __lock___atexit_recursive_mutex
 https://stackoverflow.com/questions/16835716/bss-vs-common-what-goes-where()
 */()
 *(COMMON)
                0x000000002000044c                . = ALIGN (0x4)
 *fill*         0x0000000020000449        0x3 
                0x000000002000044c                _ebss = .
                0x000000002000044c                __bss_end__ = _ebss

._user_heap_stack
                0x000000002000044c      0x604 load address 0x0000000008000bac
                0x0000000020000450                . = ALIGN (0x8)
 *fill*         0x000000002000044c        0x4 
                [!provide]                        PROVIDE (end = .)
                [!provide]                        PROVIDE (_end = .)
                0x0000000020000650                . = (. + _Min_Heap_Size)
 *fill*         0x0000000020000450      0x200 
                0x0000000020000a50                . = (. + _Min_Stack_Size)
 *fill*         0x0000000020000650      0x400 
                0x0000000020000a50                . = ALIGN (0x8)

/DISCARD/
 libc.a(*)
 libm.a(*)
 libgcc.a(*)

.ARM.attributes
                0x0000000000000000       0x29
 *(.ARM.attributes)
 .ARM.attributes
                0x0000000000000000       0x1d /home/miku/toolchain/gcc-arm-none-eabi/bin/../lib/gcc/arm-none-eabi/10.3.1/thumb/v7-m/nofp/crti.o
 .ARM.attributes
                0x000000000000001d       0x2d /home/miku/toolchain/gcc-arm-none-eabi/bin/../lib/gcc/arm-none-eabi/10.3.1/thumb/v7-m/nofp/crtbegin.o
 .ARM.attributes
                0x000000000000004a       0x29 CMakeFiles/Example.elf.dir/Core/Src/gpio.c.obj
 .ARM.attributes
                0x0000000000000073       0x29 CMakeFiles/Example.elf.dir/Core/Src/main.c.obj
 .ARM.attributes
                0x000000000000009c       0x29 CMakeFiles/Example.elf.dir/Core/Src/stm32f10x_it.c.obj
 .ARM.attributes
                0x00000000000000c5       0x21 CMakeFiles/Example.elf.dir/Core/Startup/startup_stm32f10x_md.s.obj
 .ARM.attributes
                0x00000000000000e6       0x29 CMakeFiles/Example.elf.dir/Drivers/Src/stm32f10x_gpio.c.obj
 .ARM.attributes
                0x000000000000010f       0x29 CMakeFiles/Example.elf.dir/Drivers/Src/stm32f10x_rcc.c.obj
 .ARM.attributes
                0x0000000000000138       0x29 CMakeFiles/Example.elf.dir/Drivers/Src/system_stm32f10x.c.obj
 .ARM.attributes
                0x0000000000000161       0x2d /home/miku/toolchain/gcc-arm-none-eabi/bin/../lib/gcc/arm-none-eabi/10.3.1/../../../../arm-none-eabi/lib/thumb/v7-m/nofp/libc.a(lib_a-impure.o)
 .ARM.attributes
                0x000000000000018e       0x2d /home/miku/toolchain/gcc-arm-none-eabi/bin/../lib/gcc/arm-none-eabi/10.3.1/../../../../arm-none-eabi/lib/thumb/v7-m/nofp/libc.a(lib_a-init.o)
 .ARM.attributes
                0x00000000000001bb       0x2d /home/miku/toolchain/gcc-arm-none-eabi/bin/../lib/gcc/arm-none-eabi/10.3.1/../../../../arm-none-eabi/lib/thumb/v7-m/nofp/libc.a(lib_a-__call_atexit.o)
 .ARM.attributes
                0x00000000000001e8       0x2d /home/miku/toolchain/gcc-arm-none-eabi/bin/../lib/gcc/arm-none-eabi/10.3.1/../../../../arm-none-eabi/lib/thumb/v7-m/nofp/libc.a(lib_a-atexit.o)
 .ARM.attributes
                0x0000000000000215       0x2d /home/miku/toolchain/gcc-arm-none-eabi/bin/../lib/gcc/arm-none-eabi/10.3.1/../../../../arm-none-eabi/lib/thumb/v7-m/nofp/libc.a(lib_a-fini.o)
 .ARM.attributes
                0x0000000000000242       0x2d /home/miku/toolchain/gcc-arm-none-eabi/bin/../lib/gcc/arm-none-eabi/10.3.1/../../../../arm-none-eabi/lib/thumb/v7-m/nofp/libc.a(lib_a-lock.o)
 .ARM.attributes
                0x000000000000026f       0x2d /home/miku/toolchain/gcc-arm-none-eabi/bin/../lib/gcc/arm-none-eabi/10.3.1/../../../../arm-none-eabi/lib/thumb/v7-m/nofp/libc.a(lib_a-__atexit.o)
 .ARM.attributes
                0x000000000000029c       0x1d /home/miku/toolchain/gcc-arm-none-eabi/bin/../lib/gcc/arm-none-eabi/10.3.1/thumb/v7-m/nofp/crtn.o
OUTPUT(Example.elf elf32-littlearm)
LOAD linker stubs
LOAD /home/miku/toolchain/gcc-arm-none-eabi/bin/../lib/gcc/arm-none-eabi/10.3.1/../../../../arm-none-eabi/lib/thumb/v7-m/nofp/libc.a
LOAD /home/miku/toolchain/gcc-arm-none-eabi/bin/../lib/gcc/arm-none-eabi/10.3.1/../../../../arm-none-eabi/lib/thumb/v7-m/nofp/libm.a
LOAD /home/miku/toolchain/gcc-arm-none-eabi/bin/../lib/gcc/arm-none-eabi/10.3.1/thumb/v7-m/nofp/libgcc.a

.comment        0x0000000000000000       0x49
 .comment       0x0000000000000000       0x49 CMakeFiles/Example.elf.dir/Core/Src/gpio.c.obj
                                         0x4a (size before relaxing)
 .comment       0x0000000000000049       0x4a CMakeFiles/Example.elf.dir/Core/Src/main.c.obj
 .comment       0x0000000000000049       0x4a CMakeFiles/Example.elf.dir/Core/Src/stm32f10x_it.c.obj
 .comment       0x0000000000000049       0x4a CMakeFiles/Example.elf.dir/Drivers/Src/stm32f10x_gpio.c.obj
 .comment       0x0000000000000049       0x4a CMakeFiles/Example.elf.dir/Drivers/Src/stm32f10x_rcc.c.obj
 .comment       0x0000000000000049       0x4a CMakeFiles/Example.elf.dir/Drivers/Src/system_stm32f10x.c.obj

.debug_frame    0x0000000000000000      0x1c0
 .debug_frame   0x0000000000000000       0x2c /home/miku/toolchain/gcc-arm-none-eabi/bin/../lib/gcc/arm-none-eabi/10.3.1/../../../../arm-none-eabi/lib/thumb/v7-m/nofp/libc.a(lib_a-init.o)
 .debug_frame   0x000000000000002c       0x5c /home/miku/toolchain/gcc-arm-none-eabi/bin/../lib/gcc/arm-none-eabi/10.3.1/../../../../arm-none-eabi/lib/thumb/v7-m/nofp/libc.a(lib_a-__call_atexit.o)
 .debug_frame   0x0000000000000088       0x20 /home/miku/toolchain/gcc-arm-none-eabi/bin/../lib/gcc/arm-none-eabi/10.3.1/../../../../arm-none-eabi/lib/thumb/v7-m/nofp/libc.a(lib_a-atexit.o)
 .debug_frame   0x00000000000000a8       0x34 /home/miku/toolchain/gcc-arm-none-eabi/bin/../lib/gcc/arm-none-eabi/10.3.1/../../../../arm-none-eabi/lib/thumb/v7-m/nofp/libc.a(lib_a-fini.o)
 .debug_frame   0x00000000000000dc       0xb0 /home/miku/toolchain/gcc-arm-none-eabi/bin/../lib/gcc/arm-none-eabi/10.3.1/../../../../arm-none-eabi/lib/thumb/v7-m/nofp/libc.a(lib_a-lock.o)
 .debug_frame   0x000000000000018c       0x34 /home/miku/toolchain/gcc-arm-none-eabi/bin/../lib/gcc/arm-none-eabi/10.3.1/../../../../arm-none-eabi/lib/thumb/v7-m/nofp/libc.a(lib_a-__atexit.o)
