Archive member included to satisfy reference by file (symbol)

/home/miku/toolchain/gcc-arm-none-eabi/bin/../lib/gcc/arm-none-eabi/10.3.1/thumb/v7-m/nofp/libgcc.a(_arm_muldf3.o)
                              CMakeFiles/Example.elf.dir/Core/MPU6050/inv_mpu.c.obj (__aeabi_dmul)
/home/miku/toolchain/gcc-arm-none-eabi/bin/../lib/gcc/arm-none-eabi/10.3.1/thumb/v7-m/nofp/libgcc.a(_arm_mulsf3.o)
                              CMakeFiles/Example.elf.dir/Core/MPU6050/inv_mpu.c.obj (__aeabi_fmul)
/home/miku/toolchain/gcc-arm-none-eabi/bin/../lib/gcc/arm-none-eabi/10.3.1/thumb/v7-m/nofp/libgcc.a(_arm_addsubdf3.o)
                              CMakeFiles/Example.elf.dir/Core/Src/lcd1602.c.obj (__aeabi_dsub)
/home/miku/toolchain/gcc-arm-none-eabi/bin/../lib/gcc/arm-none-eabi/10.3.1/thumb/v7-m/nofp/libgcc.a(_arm_muldivdf3.o)
                              CMakeFiles/Example.elf.dir/Core/Src/mpu6050.c.obj (__aeabi_ddiv)
/home/miku/toolchain/gcc-arm-none-eabi/bin/../lib/gcc/arm-none-eabi/10.3.1/thumb/v7-m/nofp/libgcc.a(_arm_cmpdf2.o)
                              CMakeFiles/Example.elf.dir/Core/Src/lcd1602.c.obj (__aeabi_dcmplt)
/home/miku/toolchain/gcc-arm-none-eabi/bin/../lib/gcc/arm-none-eabi/10.3.1/thumb/v7-m/nofp/libgcc.a(_arm_fixdfsi.o)
                              CMakeFiles/Example.elf.dir/Core/Src/lcd1602.c.obj (__aeabi_d2iz)
/home/miku/toolchain/gcc-arm-none-eabi/bin/../lib/gcc/arm-none-eabi/10.3.1/thumb/v7-m/nofp/libgcc.a(_arm_addsubsf3.o)
                              CMakeFiles/Example.elf.dir/Core/MPU6050/inv_mpu.c.obj (__aeabi_fsub)
/home/miku/toolchain/gcc-arm-none-eabi/bin/../lib/gcc/arm-none-eabi/10.3.1/thumb/v7-m/nofp/libgcc.a(_arm_muldivsf3.o)
                              CMakeFiles/Example.elf.dir/Core/MPU6050/inv_mpu.c.obj (__aeabi_fdiv)
/home/miku/toolchain/gcc-arm-none-eabi/bin/../lib/gcc/arm-none-eabi/10.3.1/thumb/v7-m/nofp/libgcc.a(_arm_cmpsf2.o)
                              CMakeFiles/Example.elf.dir/Core/MPU6050/inv_mpu.c.obj (__aeabi_fcmpeq)
/home/miku/toolchain/gcc-arm-none-eabi/bin/../lib/gcc/arm-none-eabi/10.3.1/thumb/v7-m/nofp/libgcc.a(_arm_fixsfsi.o)
                              CMakeFiles/Example.elf.dir/Core/MPU6050/inv_mpu.c.obj (__aeabi_f2iz)
/home/miku/toolchain/gcc-arm-none-eabi/bin/../lib/gcc/arm-none-eabi/10.3.1/thumb/v7-m/nofp/libgcc.a(_arm_fixunssfsi.o)
                              CMakeFiles/Example.elf.dir/Core/MPU6050/inv_mpu_dmp_motion_driver.c.obj (__aeabi_f2uiz)
/home/miku/toolchain/gcc-arm-none-eabi/bin/../lib/gcc/arm-none-eabi/10.3.1/thumb/v7-m/nofp/libgcc.a(_aeabi_ldivmod.o)
                              CMakeFiles/Example.elf.dir/Core/MPU6050/inv_mpu.c.obj (__aeabi_ldivmod)
/home/miku/toolchain/gcc-arm-none-eabi/bin/../lib/gcc/arm-none-eabi/10.3.1/thumb/v7-m/nofp/libgcc.a(_udivmoddi4.o)
                              /home/miku/toolchain/gcc-arm-none-eabi/bin/../lib/gcc/arm-none-eabi/10.3.1/thumb/v7-m/nofp/libgcc.a(_aeabi_ldivmod.o) (__udivmoddi4)
/home/miku/toolchain/gcc-arm-none-eabi/bin/../lib/gcc/arm-none-eabi/10.3.1/thumb/v7-m/nofp/libgcc.a(_dvmd_tls.o)
                              /home/miku/toolchain/gcc-arm-none-eabi/bin/../lib/gcc/arm-none-eabi/10.3.1/thumb/v7-m/nofp/libgcc.a(_aeabi_ldivmod.o) (__aeabi_ldiv0)
/home/miku/toolchain/gcc-arm-none-eabi/bin/../lib/gcc/arm-none-eabi/10.3.1/../../../../arm-none-eabi/lib/thumb/v7-m/nofp/libg.a(lib_a-exit.o)
                              /home/miku/toolchain/gcc-arm-none-eabi/bin/../lib/gcc/arm-none-eabi/10.3.1/../../../../arm-none-eabi/lib/thumb/v7-m/nofp/crt0.o (exit)
/home/miku/toolchain/gcc-arm-none-eabi/bin/../lib/gcc/arm-none-eabi/10.3.1/../../../../arm-none-eabi/lib/thumb/v7-m/nofp/libg.a(lib_a-impure.o)
                              /home/miku/toolchain/gcc-arm-none-eabi/bin/../lib/gcc/arm-none-eabi/10.3.1/../../../../arm-none-eabi/lib/thumb/v7-m/nofp/libg.a(lib_a-exit.o) (_global_impure_ptr)
/home/miku/toolchain/gcc-arm-none-eabi/bin/../lib/gcc/arm-none-eabi/10.3.1/../../../../arm-none-eabi/lib/thumb/v7-m/nofp/libg.a(lib_a-init.o)
                              /home/miku/toolchain/gcc-arm-none-eabi/bin/../lib/gcc/arm-none-eabi/10.3.1/../../../../arm-none-eabi/lib/thumb/v7-m/nofp/crt0.o (__libc_init_array)
/home/miku/toolchain/gcc-arm-none-eabi/bin/../lib/gcc/arm-none-eabi/10.3.1/../../../../arm-none-eabi/lib/thumb/v7-m/nofp/libg.a(lib_a-memcmp.o)
                              CMakeFiles/Example.elf.dir/Core/MPU6050/inv_mpu.c.obj (memcmp)
/home/miku/toolchain/gcc-arm-none-eabi/bin/../lib/gcc/arm-none-eabi/10.3.1/../../../../arm-none-eabi/lib/thumb/v7-m/nofp/libg.a(lib_a-memset.o)
                              /home/miku/toolchain/gcc-arm-none-eabi/bin/../lib/gcc/arm-none-eabi/10.3.1/../../../../arm-none-eabi/lib/thumb/v7-m/nofp/crt0.o (memset)
/home/miku/toolchain/gcc-arm-none-eabi/bin/../lib/gcc/arm-none-eabi/10.3.1/../../../../arm-none-eabi/lib/thumb/v7-m/nofp/libg.a(lib_a-__call_atexit.o)
[...]
Memory Configuration

Name             Origin             Length             Attributes
RAM              0x0000000020000000 0x0000000000002800 xrw
FLASH            0x0000000008000000 0x0000000000008000 xr
*default*        0x0000000000000000 0xffffffffffffffff

Linker script and memory map

LOAD /home/miku/toolchain/gcc-arm-none-eabi/bin/../lib/gcc/arm-none-eabi/10.3.1/thumb/v7-m/nofp/crti.o
LOAD /home/miku/toolchain/gcc-arm-none-eabi/bin/../lib/gcc/arm-none-eabi/10.3.1/thumb/v7-m/nofp/crtbegin.o
LOAD /home/miku/toolchain/gcc-arm-none-eabi/bin/../lib/gcc/arm-none-eabi/10.3.1/../../../../arm-none-eabi/lib/thumb/v7-m/nofp/crt0.o
LOAD CMakeFiles/Example.elf.dir/Core/I2C/i2c.c.obj
LOAD CMakeFiles/Example.elf.dir/Core/MPU6050/inv_mpu.c.obj
LOAD CMakeFiles/Example.elf.dir/Core/MPU6050/inv_mpu_dmp_motion_driver.c.obj
LOAD CMakeFiles/Example.elf.dir/Core/Src/74HC595.c.obj
LOAD CMakeFiles/Example.elf.dir/Core/Src/Timer.c.obj
LOAD CMakeFiles/Example.elf.dir/Core/Src/dalay.c.obj
LOAD CMakeFiles/Example.elf.dir/Core/Src/gpio.c.obj
LOAD CMakeFiles/Example.elf.dir/Core/Src/lcd1602.c.obj
LOAD CMakeFiles/Example.elf.dir/Core/Src/main.c.obj
LOAD CMakeFiles/Example.elf.dir/Core/Src/mpu6050.c.obj
LOAD CMakeFiles/Example.elf.dir/Core/Src/origin_i2c.c.obj
LOAD CMakeFiles/Example.elf.dir/Core/Src/stm32f10x_it.c.obj
LOAD CMakeFiles/Example.elf.dir/Core/Startup/startup_stm32f10x_md.s.obj
LOAD CMakeFiles/Example.elf.dir/Drivers/Src/core_cm3.c.obj
LOAD CMakeFiles/Example.elf.dir/Drivers/Src/misc.c.obj
LOAD CMakeFiles/Example.elf.dir/Drivers/Src/stm32f10x_adc.c.obj
LOAD CMakeFiles/Example.elf.dir/Drivers/Src/stm32f10x_bkp.c.obj
LOAD CMakeFiles/Example.elf.dir/Drivers/Src/stm32f10x_can.c.obj
LOAD CMakeFiles/Example.elf.dir/Drivers/Src/stm32f10x_cec.c.obj
LOAD CMakeFiles/Example.elf.dir/Drivers/Src/stm32f10x_crc.c.obj
LOAD CMakeFiles/Example.elf.dir/Drivers/Src/stm32f10x_dac.c.obj
LOAD CMakeFiles/Example.elf.dir/Drivers/Src/stm32f10x_dbgmcu.c.obj
LOAD CMakeFiles/Example.elf.dir/Drivers/Src/stm32f10x_dma.c.obj
LOAD CMakeFiles/Example.elf.dir/Drivers/Src/stm32f10x_exti.c.obj
LOAD CMakeFiles/Example.elf.dir/Drivers/Src/stm32f10x_flash.c.obj
LOAD CMakeFiles/Example.elf.dir/Drivers/Src/stm32f10x_fsmc.c.obj
LOAD CMakeFiles/Example.elf.dir/Drivers/Src/stm32f10x_gpio.c.obj
LOAD CMakeFiles/Example.elf.dir/Drivers/Src/stm32f10x_i2c.c.obj
LOAD CMakeFiles/Example.elf.dir/Drivers/Src/stm32f10x_iwdg.c.obj
LOAD CMakeFiles/Example.elf.dir/Drivers/Src/stm32f10x_pwr.c.obj
LOAD CMakeFiles/Example.elf.dir/Drivers/Src/stm32f10x_rcc.c.obj
LOAD CMakeFiles/Example.elf.dir/Drivers/Src/stm32f10x_rtc.c.obj
LOAD CMakeFiles/Example.elf.dir/Drivers/Src/stm32f10x_sdio.c.obj
LOAD CMakeFiles/Example.elf.dir/Drivers/Src/stm32f10x_spi.c.obj
LOAD CMakeFiles/Example.elf.dir/Drivers/Src/stm32f10x_tim.c.obj
LOAD CMakeFiles/Example.elf.dir/Drivers/Src/stm32f10x_usart.c.obj
LOAD CMakeFiles/Example.elf.dir/Drivers/Src/stm32f10x_wwdg.c.obj
LOAD CMakeFiles/Example.elf.dir/Drivers/Src/system_stm32f10x.c.obj
START GROUP
LOAD /home/miku/toolchain/gcc-arm-none-eabi/bin/../lib/gcc/arm-none-eabi/10.3.1/thumb/v7-m/nofp/libgcc.a
LOAD /home/miku/toolchain/gcc-arm-none-eabi/bin/../lib/gcc/arm-none-eabi/10.3.1/../../../../arm-none-eabi/lib/thumb/v7-m/nofp/libg.a
LOAD /home/miku/toolchain/gcc-arm-none-eabi/bin/../lib/gcc/arm-none-eabi/10.3.1/../../../../arm-none-eabi/lib/thumb/v7-m/nofp/libc.a
END GROUP
LOAD /home/miku/toolchain/gcc-arm-none-eabi/bin/../lib/gcc/arm-none-eabi/10.3.1/thumb/v7-m/nofp/crtend.o
LOAD /home/miku/toolchain/gcc-arm-none-eabi/bin/../lib/gcc/arm-none-eabi/10.3.1/thumb/v7-m/nofp/crtn.o
                0x0000000020002800                _estack = (ORIGIN (RAM) + LENGTH (RAM))
                0x0000000000000200                _Min_Heap_Size = 0x200
                0x0000000000000400                _Min_Stack_Size = 0x400

.isr_vector     0x0000000008000000      0x10c
                0x0000000008000000                . = ALIGN (0x4)
 *(.isr_vector)
 .isr_vector    0x0000000008000000      0x10c CMakeFiles/Example.elf.dir/Core/Startup/startup_stm32f10x_md.s.obj
                0x0000000008000000                g_pfnVectors
                0x000000000800010c                . = ALIGN (0x4)

.text           0x0000000008000110     0x36f8
                0x0000000008000110                . = ALIGN (0x4)
 *(.text)
 .text          0x0000000008000110       0x40 /home/miku/toolchain/gcc-arm-none-eabi/bin/../lib/gcc/arm-none-eabi/10.3.1/thumb/v7-m/nofp/crtbegin.o
 .text          0x0000000008000150      0x378 /home/miku/toolchain/gcc-arm-none-eabi/bin/../lib/gcc/arm-none-eabi/10.3.1/thumb/v7-m/nofp/libgcc.a(_arm_addsubdf3.o)
                0x0000000008000150                __aeabi_drsub
                0x0000000008000158                __aeabi_dsub
                0x0000000008000158                __subdf3
                0x000000000800015c                __adddf3
                0x000000000800015c                __aeabi_dadd
                0x00000000080003d4                __aeabi_ui2d
                0x00000000080003d4                __floatunsidf
                0x00000000080003f4                __floatsidf
                0x00000000080003f4                __aeabi_i2d
                0x0000000008000418                __extendsfdf2
                0x0000000008000418                __aeabi_f2d
                0x000000000800045c                __aeabi_ul2d
                0x000000000800045c                __floatundidf
                0x000000000800046c                __floatdidf
                0x000000000800046c                __aeabi_l2d
 .text          0x00000000080004c8      0x424 /home/miku/toolchain/gcc-arm-none-eabi/bin/../lib/gcc/arm-none-eabi/10.3.1/thumb/v7-m/nofp/libgcc.a(_arm_muldivdf3.o)
                0x00000000080004c8                __aeabi_dmul
                0x00000000080004c8                __muldf3
                0x000000000800071c                __aeabi_ddiv
                0x000000000800071c                __divdf3
 .text          0x00000000080008ec      0x110 /home/miku/toolchain/gcc-arm-none-eabi/bin/../lib/gcc/arm-none-eabi/10.3.1/thumb/v7-m/nofp/libgcc.a(_arm_cmpdf2.o)
                0x00000000080008ec                __gtdf2
                0x00000000080008ec                __gedf2
                0x00000000080008f4                __ltdf2
                0x00000000080008f4                __ledf2
                0x00000000080008fc                __cmpdf2
                0x00000000080008fc                __eqdf2
                0x00000000080008fc                __nedf2
                0x0000000008000978                __aeabi_cdrcmple
                0x0000000008000988                __aeabi_cdcmple
                0x0000000008000988                __aeabi_cdcmpeq
                0x0000000008000998                __aeabi_dcmpeq
                0x00000000080009ac                __aeabi_dcmplt
                0x00000000080009c0                __aeabi_dcmple
                0x00000000080009d4                __aeabi_dcmpge
                0x00000000080009e8                __aeabi_dcmpgt
 .text          0x00000000080009fc       0x50 /home/miku/toolchain/gcc-arm-none-eabi/bin/../lib/gcc/arm-none-eabi/10.3.1/thumb/v7-m/nofp/libgcc.a(_arm_fixdfsi.o)
                0x00000000080009fc                __fixdfsi
                0x00000000080009fc                __aeabi_d2iz
 .text          0x0000000008000a4c      0x21c /home/miku/toolchain/gcc-arm-none-eabi/bin/../lib/gcc/arm-none-eabi/10.3.1/thumb/v7-m/nofp/libgcc.a(_arm_addsubsf3.o)
                0x0000000008000a4c                __aeabi_frsub
                0x0000000008000a54                __subsf3
                0x0000000008000a54                __aeabi_fsub
                0x0000000008000a58                __aeabi_fadd
                0x0000000008000a58                __addsf3
                0x0000000008000bb8                __aeabi_ui2f
                0x0000000008000bb8                __floatunsisf
                0x0000000008000bc0                __aeabi_i2f
                0x0000000008000bc0                __floatsisf
                0x0000000008000bdc                __floatundisf
                0x0000000008000bdc                __aeabi_ul2f
                0x0000000008000bec                __floatdisf
                0x0000000008000bec                __aeabi_l2f
 .text          0x0000000008000c68      0x2a0 /home/miku/toolchain/gcc-arm-none-eabi/bin/../lib/gcc/arm-none-eabi/10.3.1/thumb/v7-m/nofp/libgcc.a(_arm_muldivsf3.o)
                0x0000000008000c68                __mulsf3
                0x0000000008000c68                __aeabi_fmul
                0x0000000008000dd0                __divsf3
                0x0000000008000dd0                __aeabi_fdiv
 .text          0x0000000008000f08       0xec /home/miku/toolchain/gcc-arm-none-eabi/bin/../lib/gcc/arm-none-eabi/10.3.1/thumb/v7-m/nofp/libgcc.a(_arm_cmpsf2.o)
                0x0000000008000f08                __gtsf2
                0x0000000008000f08                __gesf2
                0x0000000008000f10                __lesf2
                0x0000000008000f10                __ltsf2
                0x0000000008000f18                __nesf2
                0x0000000008000f18                __eqsf2
                0x0000000008000f18                __cmpsf2
                0x0000000008000f78                __aeabi_cfrcmple
                0x0000000008000f80                __aeabi_cfcmple
                0x0000000008000f80                __aeabi_cfcmpeq
                0x0000000008000f90                __aeabi_fcmpeq
                0x0000000008000fa4                __aeabi_fcmplt
                0x0000000008000fb8                __aeabi_fcmple
                0x0000000008000fcc                __aeabi_fcmpge
                0x0000000008000fe0                __aeabi_fcmpgt
 .text          0x0000000008000ff4       0x4c /home/miku/toolchain/gcc-arm-none-eabi/bin/../lib/gcc/arm-none-eabi/10.3.1/thumb/v7-m/nofp/libgcc.a(_arm_fixsfsi.o)
                0x0000000008000ff4                __fixsfsi
                0x0000000008000ff4                __aeabi_f2iz
 .text          0x0000000008001040       0x40 /home/miku/toolchain/gcc-arm-none-eabi/bin/../lib/gcc/arm-none-eabi/10.3.1/thumb/v7-m/nofp/libgcc.a(_arm_fixunssfsi.o)
                0x0000000008001040                __aeabi_f2uiz
                0x0000000008001040                __fixunssfsi
 .text          0x0000000008001080       0xa0 /home/miku/toolchain/gcc-arm-none-eabi/bin/../lib/gcc/arm-none-eabi/10.3.1/thumb/v7-m/nofp/libgcc.a(_aeabi_ldivmod.o)
                0x0000000008001080                __aeabi_ldivmod
 .text          0x0000000008001120      0x2d4 /home/miku/toolchain/gcc-arm-none-eabi/bin/../lib/gcc/arm-none-eabi/10.3.1/thumb/v7-m/nofp/libgcc.a(_udivmoddi4.o)
                0x0000000008001120                __udivmoddi4
 .text          0x00000000080013f4        0x4 /home/miku/toolchain/gcc-arm-none-eabi/bin/../lib/gcc/arm-none-eabi/10.3.1/thumb/v7-m/nofp/libgcc.a(_dvmd_tls.o)
                0x00000000080013f4                __aeabi_ldiv0
                0x00000000080013f4                __aeabi_idiv0
 *(.text*)
 .text.M_I2C_Transmit_Byte
                0x00000000080013f8       0x74 CMakeFiles/Example.elf.dir/Core/I2C/i2c.c.obj
                0x00000000080013f8                M_I2C_Transmit_Byte
 .text.M_I2C_Receive
                0x000000000800146c       0x88 CMakeFiles/Example.elf.dir/Core/I2C/i2c.c.obj
                0x000000000800146c                M_I2C_Receive
 .text.M_I2C_Transmit_Data
                0x00000000080014f4       0x70 CMakeFiles/Example.elf.dir/Core/I2C/i2c.c.obj
                0x00000000080014f4                M_I2C_Transmit_Data
 .text.M_I2C_Read_Data
                0x0000000008001564       0xac CMakeFiles/Example.elf.dir/Core/I2C/i2c.c.obj
                0x0000000008001564                M_I2C_Read_Data
 .text.i2c_write
                0x0000000008001610        0xe CMakeFiles/Example.elf.dir/Core/I2C/i2c.c.obj
                0x0000000008001610                i2c_write
 .text.i2c_read
                0x000000000800161e        0xe CMakeFiles/Example.elf.dir/Core/I2C/i2c.c.obj
                0x000000000800161e                i2c_read
 .text.get_st_biases
                0x000000000800162c      0x34c CMakeFiles/Example.elf.dir/Core/MPU6050/inv_mpu.c.obj
 .text.set_int_enable.isra.0
                0x0000000008001978       0x4c CMakeFiles/Example.elf.dir/Core/MPU6050/inv_mpu.c.obj
 .text.inv_row_2_scale
                0x00000000080019c4       0x3a CMakeFiles/Example.elf.dir/Core/MPU6050/inv_mpu.c.obj
                0x00000000080019c4                inv_row_2_scale
 .text.inv_orientation_matrix_to_scalar
                0x00000000080019fe       0x26 CMakeFiles/Example.elf.dir/Core/MPU6050/inv_mpu.c.obj
                0x00000000080019fe                inv_orientation_matrix_to_scalar
 .text.mpu_reset_fifo
                0x0000000008001a24      0x16c CMakeFiles/Example.elf.dir/Core/MPU6050/inv_mpu.c.obj
                0x0000000008001a24                mpu_reset_fifo
 .text.mpu_get_gyro_fsr
                0x0000000008001b90       0x34 CMakeFiles/Example.elf.dir/Core/MPU6050/inv_mpu.c.obj
                0x0000000008001b90                mpu_get_gyro_fsr
 .text.mpu_set_gyro_fsr
                0x0000000008001bc4       0x70 CMakeFiles/Example.elf.dir/Core/MPU6050/inv_mpu.c.obj
                0x0000000008001bc4                mpu_set_gyro_fsr
 .text.mpu_get_accel_fsr
                0x0000000008001c34       0x38 CMakeFiles/Example.elf.dir/Core/MPU6050/inv_mpu.c.obj
                0x0000000008001c34                mpu_get_accel_fsr
 .text.mpu_set_accel_fsr
                0x0000000008001c6c       0x68 CMakeFiles/Example.elf.dir/Core/MPU6050/inv_mpu.c.obj
                0x0000000008001c6c                mpu_set_accel_fsr
 .text.mpu_get_lpf
                0x0000000008001cd4       0x38 CMakeFiles/Example.elf.dir/Core/MPU6050/inv_mpu.c.obj
                0x0000000008001cd4                mpu_get_lpf
 .text.mpu_set_lpf
                0x0000000008001d0c       0x6c CMakeFiles/Example.elf.dir/Core/MPU6050/inv_mpu.c.obj
                0x0000000008001d0c                mpu_set_lpf
 .text.mpu_get_sample_rate
                0x0000000008001d78       0x1c CMakeFiles/Example.elf.dir/Core/MPU6050/inv_mpu.c.obj
                0x0000000008001d78                mpu_get_sample_rate
 .text.mpu_get_gyro_sens
                0x0000000008001d94       0x40 CMakeFiles/Example.elf.dir/Core/MPU6050/inv_mpu.c.obj
                0x0000000008001d94                mpu_get_gyro_sens
 .text.mpu_get_accel_sens
                0x0000000008001dd4       0x40 CMakeFiles/Example.elf.dir/Core/MPU6050/inv_mpu.c.obj
                0x0000000008001dd4                mpu_get_accel_sens
 .text.mpu_configure_fifo
                0x0000000008001e14       0x4c CMakeFiles/Example.elf.dir/Core/MPU6050/inv_mpu.c.obj
                0x0000000008001e14                mpu_configure_fifo
 .text.mpu_set_bypass
                0x0000000008001e60       0xe8 CMakeFiles/Example.elf.dir/Core/MPU6050/inv_mpu.c.obj
                0x0000000008001e60                mpu_set_bypass
 .text.mpu_set_int_latched
                0x0000000008001f48       0x64 CMakeFiles/Example.elf.dir/Core/MPU6050/inv_mpu.c.obj
                0x0000000008001f48                mpu_set_int_latched
 .text.mpu_lp_accel_mode
                0x0000000008001fac       0xb0 CMakeFiles/Example.elf.dir/Core/MPU6050/inv_mpu.c.obj
                0x0000000008001fac                mpu_lp_accel_mode
 .text.mpu_set_sample_rate
                0x000000000800205c       0x84 CMakeFiles/Example.elf.dir/Core/MPU6050/inv_mpu.c.obj
                0x000000000800205c                mpu_set_sample_rate
 .text.mpu_set_sensors
                0x00000000080020e0       0xc0 CMakeFiles/Example.elf.dir/Core/MPU6050/inv_mpu.c.obj
                0x00000000080020e0                mpu_set_sensors
 .text.mpu_init
                0x00000000080021a0      0x124 CMakeFiles/Example.elf.dir/Core/MPU6050/inv_mpu.c.obj
                0x00000000080021a0                mpu_init
 .text.mpu_write_mem
                0x00000000080022c4       0x60 CMakeFiles/Example.elf.dir/Core/MPU6050/inv_mpu.c.obj
                0x00000000080022c4                mpu_write_mem
 .text.mpu_read_mem
                0x0000000008002324       0x60 CMakeFiles/Example.elf.dir/Core/MPU6050/inv_mpu.c.obj
                0x0000000008002324                mpu_read_mem
 .text.mpu_load_firmware
                0x0000000008002384       0xa0 CMakeFiles/Example.elf.dir/Core/MPU6050/inv_mpu.c.obj
                0x0000000008002384                mpu_load_firmware
 .text.mpu_set_dmp_state
                0x0000000008002424       0x7c CMakeFiles/Example.elf.dir/Core/MPU6050/inv_mpu.c.obj
                0x0000000008002424                mpu_set_dmp_state
 .text.mpu_run_self_test
                0x00000000080024a0      0x314 CMakeFiles/Example.elf.dir/Core/MPU6050/inv_mpu.c.obj
                0x00000000080024a0                mpu_run_self_test
 .text.run_self_test
                0x00000000080027b4       0x82 CMakeFiles/Example.elf.dir/Core/MPU6050/inv_mpu.c.obj
                0x00000000080027b4                run_self_test
 *fill*         0x0000000008002836        0x2 
 .text.MPU6050_DMP_Init
                0x0000000008002838       0x48 CMakeFiles/Example.elf.dir/Core/MPU6050/inv_mpu.c.obj
                0x0000000008002838                MPU6050_DMP_Init
 .text.dmp_enable_gyro_cal.part.0
                0x0000000008002880       0x28 CMakeFiles/Example.elf.dir/Core/MPU6050/inv_mpu_dmp_motion_driver.c.obj
 .text.dmp_load_motion_driver_firmware
                0x00000000080028a8       0x14 CMakeFiles/Example.elf.dir/Core/MPU6050/inv_mpu_dmp_motion_driver.c.obj
                0x00000000080028a8                dmp_load_motion_driver_firmware
 .text.dmp_set_orientation
                0x00000000080028bc      0x140 CMakeFiles/Example.elf.dir/Core/MPU6050/inv_mpu_dmp_motion_driver.c.obj
                0x00000000080028bc                dmp_set_orientation
 .text.dmp_set_gyro_bias
                0x00000000080029fc       0xd0 CMakeFiles/Example.elf.dir/Core/MPU6050/inv_mpu_dmp_motion_driver.c.obj
                0x00000000080029fc                dmp_set_gyro_bias
 .text.dmp_set_accel_bias
                0x0000000008002acc       0xd0 CMakeFiles/Example.elf.dir/Core/MPU6050/inv_mpu_dmp_motion_driver.c.obj
                0x0000000008002acc                dmp_set_accel_bias
 .text.dmp_set_fifo_rate
                0x0000000008002b9c       0x60 CMakeFiles/Example.elf.dir/Core/MPU6050/inv_mpu_dmp_motion_driver.c.obj
                0x0000000008002b9c                dmp_set_fifo_rate
 .text.dmp_set_tap_thresh
                0x0000000008002bfc      0x144 CMakeFiles/Example.elf.dir/Core/MPU6050/inv_mpu_dmp_motion_driver.c.obj
                0x0000000008002bfc                dmp_set_tap_thresh
 .text.dmp_set_tap_axes
                0x0000000008002d40       0x4a CMakeFiles/Example.elf.dir/Core/MPU6050/inv_mpu_dmp_motion_driver.c.obj
                0x0000000008002d40                dmp_set_tap_axes
 .text.dmp_set_tap_count
                0x0000000008002d8a       0x28 CMakeFiles/Example.elf.dir/Core/MPU6050/inv_mpu_dmp_motion_driver.c.obj
                0x0000000008002d8a                dmp_set_tap_count
 .text.dmp_set_tap_time
                0x0000000008002db2       0x24 CMakeFiles/Example.elf.dir/Core/MPU6050/inv_mpu_dmp_motion_driver.c.obj
                0x0000000008002db2                dmp_set_tap_time
 .text.dmp_set_tap_time_multi
                0x0000000008002dd6       0x24 CMakeFiles/Example.elf.dir/Core/MPU6050/inv_mpu_dmp_motion_driver.c.obj
                0x0000000008002dd6                dmp_set_tap_time_multi
 .text.dmp_set_shake_reject_thresh
                0x0000000008002dfa       0x34 CMakeFiles/Example.elf.dir/Core/MPU6050/inv_mpu_dmp_motion_driver.c.obj
                0x0000000008002dfa                dmp_set_shake_reject_thresh
 .text.dmp_set_shake_reject_time
                0x0000000008002e2e       0x24 CMakeFiles/Example.elf.dir/Core/MPU6050/inv_mpu_dmp_motion_driver.c.obj
                0x0000000008002e2e                dmp_set_shake_reject_time
 .text.dmp_set_shake_reject_timeout
                0x0000000008002e52       0x24 CMakeFiles/Example.elf.dir/Core/MPU6050/inv_mpu_dmp_motion_driver.c.obj
                0x0000000008002e52                dmp_set_shake_reject_timeout
 *fill*         0x0000000008002e76        0x2 
 .text.dmp_enable_gyro_cal
                0x0000000008002e78       0x34 CMakeFiles/Example.elf.dir/Core/MPU6050/inv_mpu_dmp_motion_driver.c.obj
                0x0000000008002e78                dmp_enable_gyro_cal
 .text.dmp_enable_lp_quat
                0x0000000008002eac       0x3a CMakeFiles/Example.elf.dir/Core/MPU6050/inv_mpu_dmp_motion_driver.c.obj
                0x0000000008002eac                dmp_enable_lp_quat
 .text.dmp_enable_6x_lp_quat
                0x0000000008002ee6       0x3a CMakeFiles/Example.elf.dir/Core/MPU6050/inv_mpu_dmp_motion_driver.c.obj
                0x0000000008002ee6                dmp_enable_6x_lp_quat
 .text.dmp_enable_feature
                0x0000000008002f20      0x1d4 CMakeFiles/Example.elf.dir/Core/MPU6050/inv_mpu_dmp_motion_driver.c.obj
                0x0000000008002f20                dmp_enable_feature
 .text.DataClear
                0x00000000080030f4       0x24 CMakeFiles/Example.elf.dir/Core/Src/74HC595.c.obj
                0x00000000080030f4                DataClear
 .text.SendByte
                0x0000000008003118       0x58 CMakeFiles/Example.elf.dir/Core/Src/74HC595.c.obj
                0x0000000008003118                SendByte
 .text.Delay_us
                0x0000000008003170       0x1e CMakeFiles/Example.elf.dir/Core/Src/dalay.c.obj
                0x0000000008003170                Delay_us
 .text.Delay_ms
                0x000000000800318e       0x14 CMakeFiles/Example.elf.dir/Core/Src/dalay.c.obj
                0x000000000800318e                Delay_ms
 *fill*         0x00000000080031a2        0x2 
 .text.My_GPIO_Init
                0x00000000080031a4       0x5c CMakeFiles/Example.elf.dir/Core/Src/gpio.c.obj
                0x00000000080031a4                My_GPIO_Init
 .text.LCD_WriteCommand
                0x0000000008003200       0x40 CMakeFiles/Example.elf.dir/Core/Src/lcd1602.c.obj
                0x0000000008003200                LCD_WriteCommand
 .text.LCD_WriteData
                0x0000000008003240       0x40 CMakeFiles/Example.elf.dir/Core/Src/lcd1602.c.obj
                0x0000000008003240                LCD_WriteData
 .text.LCD_Init
                0x0000000008003280       0x1e CMakeFiles/Example.elf.dir/Core/Src/lcd1602.c.obj
                0x0000000008003280                LCD_Init
 .text.LCD_ShowNum_10
                0x000000000800329e       0x72 CMakeFiles/Example.elf.dir/Core/Src/lcd1602.c.obj
                0x000000000800329e                LCD_ShowNum_10
 .text.LCD_ShowNum_10_4
                0x0000000008003310       0xc8 CMakeFiles/Example.elf.dir/Core/Src/lcd1602.c.obj
                0x0000000008003310                LCD_ShowNum_10_4
 .text.startup.main
                0x00000000080033d8       0x2a CMakeFiles/Example.elf.dir/Core/Src/main.c.obj
                0x00000000080033d8                main
 *fill*         0x0000000008003402        0x6 
 .text.MPU6050_Read_Temperature
                0x0000000008003408       0x44 CMakeFiles/Example.elf.dir/Core/Src/mpu6050.c.obj
                0x0000000008003408                MPU6050_Read_Temperature
 .text.NMI_Handler
                0x000000000800344c        0x2 CMakeFiles/Example.elf.dir/Core/Src/stm32f10x_it.c.obj
                0x000000000800344c                NMI_Handler
 .text.HardFault_Handler
                0x000000000800344e        0x2 CMakeFiles/Example.elf.dir/Core/Src/stm32f10x_it.c.obj
                0x000000000800344e                HardFault_Handler
 .text.MemManage_Handler
                0x0000000008003450        0x2 CMakeFiles/Example.elf.dir/Core/Src/stm32f10x_it.c.obj
                0x0000000008003450                MemManage_Handler
 .text.BusFault_Handler
                0x0000000008003452        0x2 CMakeFiles/Example.elf.dir/Core/Src/stm32f10x_it.c.obj
                0x0000000008003452                BusFault_Handler
 .text.UsageFault_Handler
                0x0000000008003454        0x2 CMakeFiles/Example.elf.dir/Core/Src/stm32f10x_it.c.obj
                0x0000000008003454                UsageFault_Handler
 .text.SVC_Handler
                0x0000000008003456        0x2 CMakeFiles/Example.elf.dir/Core/Src/stm32f10x_it.c.obj
                0x0000000008003456                SVC_Handler
 .text.DebugMon_Handler
                0x0000000008003458        0x2 CMakeFiles/Example.elf.dir/Core/Src/stm32f10x_it.c.obj
                0x0000000008003458                DebugMon_Handler
 .text.PendSV_Handler
                0x000000000800345a        0x2 CMakeFiles/Example.elf.dir/Core/Src/stm32f10x_it.c.obj
                0x000000000800345a                PendSV_Handler
 .text.SysTick_Handler
                0x000000000800345c        0x2 CMakeFiles/Example.elf.dir/Core/Src/stm32f10x_it.c.obj
                0x000000000800345c                SysTick_Handler
 *fill*         0x000000000800345e        0x2 
 .text.Reset_Handler
                0x0000000008003460       0x48 CMakeFiles/Example.elf.dir/Core/Startup/startup_stm32f10x_md.s.obj
                0x0000000008003460                Reset_Handler
 .text.Default_Handler
                0x00000000080034a8        0x2 CMakeFiles/Example.elf.dir/Core/Startup/startup_stm32f10x_md.s.obj
                0x00000000080034a8                RTC_Alarm_IRQHandler
                0x00000000080034a8                EXTI2_IRQHandler
                0x00000000080034a8                TIM1_CC_IRQHandler
                0x00000000080034a8                PVD_IRQHandler
                0x00000000080034a8                EXTI3_IRQHandler
                0x00000000080034a8                EXTI0_IRQHandler
                0x00000000080034a8                I2C2_EV_IRQHandler
                0x00000000080034a8                ADC1_2_IRQHandler
                0x00000000080034a8                SPI1_IRQHandler
                0x00000000080034a8                TAMPER_IRQHandler
                0x00000000080034a8                DMA1_Channel4_IRQHandler
                0x00000000080034a8                USART3_IRQHandler
                0x00000000080034a8                RTC_IRQHandler
                0x00000000080034a8                DMA1_Channel7_IRQHandler
                0x00000000080034a8                CAN1_RX1_IRQHandler
                0x00000000080034a8                TIM4_IRQHandler
                0x00000000080034a8                I2C1_EV_IRQHandler
                0x00000000080034a8                DMA1_Channel6_IRQHandler
                0x00000000080034a8                TIM3_IRQHandler
                0x00000000080034a8                RCC_IRQHandler
                0x00000000080034a8                TIM1_TRG_COM_IRQHandler
                0x00000000080034a8                DMA1_Channel1_IRQHandler
                0x00000000080034a8                Default_Handler
                0x00000000080034a8                EXTI15_10_IRQHandler
                0x00000000080034a8                EXTI9_5_IRQHandler
                0x00000000080034a8                SPI2_IRQHandler
                0x00000000080034a8                DMA1_Channel5_IRQHandler
                0x00000000080034a8                EXTI4_IRQHandler
                0x00000000080034a8                USB_LP_CAN1_RX0_IRQHandler
                0x00000000080034a8                USB_HP_CAN1_TX_IRQHandler
                0x00000000080034a8                DMA1_Channel3_IRQHandler
                0x00000000080034a8                TIM1_UP_IRQHandler
                0x00000000080034a8                WWDG_IRQHandler
                0x00000000080034a8                TIM2_IRQHandler
                0x00000000080034a8                TIM1_BRK_IRQHandler
                0x00000000080034a8                EXTI1_IRQHandler
                0x00000000080034a8                USART2_IRQHandler
                0x00000000080034a8                I2C2_ER_IRQHandler
                0x00000000080034a8                DMA1_Channel2_IRQHandler
                0x00000000080034a8                CAN1_SCE_IRQHandler
                0x00000000080034a8                FLASH_IRQHandler
                0x00000000080034a8                USART1_IRQHandler
                0x00000000080034a8                I2C1_ER_IRQHandler
                0x00000000080034a8                USBWakeUp_IRQHandler
 .text.GPIO_Init
                0x00000000080034aa       0xa2 CMakeFiles/Example.elf.dir/Drivers/Src/stm32f10x_gpio.c.obj
                0x00000000080034aa                GPIO_Init
 .text.GPIO_WriteBit
                0x000000000800354c        0xa CMakeFiles/Example.elf.dir/Drivers/Src/stm32f10x_gpio.c.obj
                0x000000000800354c                GPIO_WriteBit
 *fill*         0x0000000008003556        0x2 
 .text.RCC_APB2PeriphClockCmd
                0x0000000008003558       0x18 CMakeFiles/Example.elf.dir/Drivers/Src/stm32f10x_rcc.c.obj
                0x0000000008003558                RCC_APB2PeriphClockCmd
 .text.SystemInit
                0x0000000008003570       0xf0 CMakeFiles/Example.elf.dir/Drivers/Src/system_stm32f10x.c.obj
                0x0000000008003570                SystemInit
 .text.__libc_init_array
                0x0000000008003660       0x48 /home/miku/toolchain/gcc-arm-none-eabi/bin/../lib/gcc/arm-none-eabi/10.3.1/../../../../arm-none-eabi/lib/thumb/v7-m/nofp/libg.a(lib_a-init.o)
                0x0000000008003660                __libc_init_array
 .text.memcmp   0x00000000080036a8       0x68 /home/miku/toolchain/gcc-arm-none-eabi/bin/../lib/gcc/arm-none-eabi/10.3.1/../../../../arm-none-eabi/lib/thumb/v7-m/nofp/libg.a(lib_a-memcmp.o)
                0x00000000080036a8                memcmp
 .text.startup.register_fini
                0x0000000008003710       0x14 /home/miku/toolchain/gcc-arm-none-eabi/bin/../lib/gcc/arm-none-eabi/10.3.1/../../../../arm-none-eabi/lib/thumb/v7-m/nofp/libg.a(lib_a-__call_atexit.o)
 .text.atexit   0x0000000008003724        0xc /home/miku/toolchain/gcc-arm-none-eabi/bin/../lib/gcc/arm-none-eabi/10.3.1/../../../../arm-none-eabi/lib/thumb/v7-m/nofp/libg.a(lib_a-atexit.o)
                0x0000000008003724                atexit
 .text.__libc_fini_array
                0x0000000008003730       0x2c /home/miku/toolchain/gcc-arm-none-eabi/bin/../lib/gcc/arm-none-eabi/10.3.1/../../../../arm-none-eabi/lib/thumb/v7-m/nofp/libg.a(lib_a-fini.o)
                0x0000000008003730                __libc_fini_array
 .text.__retarget_lock_acquire_recursive
                0x000000000800375c        0x4 /home/miku/toolchain/gcc-arm-none-eabi/bin/../lib/gcc/arm-none-eabi/10.3.1/../../../../arm-none-eabi/lib/thumb/v7-m/nofp/libg.a(lib_a-lock.o)
                0x000000000800375c                __retarget_lock_acquire_recursive
 .text.__retarget_lock_release_recursive
                0x0000000008003760        0x4 /home/miku/toolchain/gcc-arm-none-eabi/bin/../lib/gcc/arm-none-eabi/10.3.1/../../../../arm-none-eabi/lib/thumb/v7-m/nofp/libg.a(lib_a-lock.o)
                0x0000000008003760                __retarget_lock_release_recursive
 .text.__register_exitproc
                0x0000000008003764       0x8c /home/miku/toolchain/gcc-arm-none-eabi/bin/../lib/gcc/arm-none-eabi/10.3.1/../../../../arm-none-eabi/lib/thumb/v7-m/nofp/libg.a(lib_a-__atexit.o)
                0x0000000008003764                __register_exitproc
 *(.glue_7)
 .glue_7        0x00000000080037f0        0x0 linker stubs
 *(.glue_7t)
 .glue_7t       0x00000000080037f0        0x0 linker stubs
 *(.eh_frame)
 .eh_frame      0x00000000080037f0        0x0 /home/miku/toolchain/gcc-arm-none-eabi/bin/../lib/gcc/arm-none-eabi/10.3.1/thumb/v7-m/nofp/crtbegin.o
 *(.init)
 .init          0x00000000080037f0        0x4 /home/miku/toolchain/gcc-arm-none-eabi/bin/../lib/gcc/arm-none-eabi/10.3.1/thumb/v7-m/nofp/crti.o
                0x00000000080037f0                _init
 .init          0x00000000080037f4        0x8 /home/miku/toolchain/gcc-arm-none-eabi/bin/../lib/gcc/arm-none-eabi/10.3.1/thumb/v7-m/nofp/crtn.o
 *(.fini)
 .fini          0x00000000080037fc        0x4 /home/miku/toolchain/gcc-arm-none-eabi/bin/../lib/gcc/arm-none-eabi/10.3.1/thumb/v7-m/nofp/crti.o
                0x00000000080037fc                _fini
 .fini          0x0000000008003800        0x8 /home/miku/toolchain/gcc-arm-none-eabi/bin/../lib/gcc/arm-none-eabi/10.3.1/thumb/v7-m/nofp/crtn.o
                0x0000000008003808                . = ALIGN (0x4)
                0x0000000008003808                _etext = .

.vfp11_veneer   0x0000000008003808        0x0
 .vfp11_veneer  0x0000000008003808        0x0 linker stubs

.v4_bx          0x0000000008003808        0x0
 .v4_bx         0x0000000008003808        0x0 linker stubs

.iplt           0x0000000008003808        0x0
 .iplt          0x0000000008003808        0x0 /home/miku/toolchain/gcc-arm-none-eabi/bin/../lib/gcc/arm-none-eabi/10.3.1/thumb/v7-m/nofp/crtbegin.o

.rodata         0x0000000008003808      0xc7c
                0x0000000008003808                . = ALIGN (0x4)
 *(.rodata)
 *(.rodata*)
 .rodata.hw     0x0000000008003808        0xc CMakeFiles/Example.elf.dir/Core/MPU6050/inv_mpu.c.obj
                0x0000000008003808                hw
 .rodata.reg    0x0000000008003814       0x1b CMakeFiles/Example.elf.dir/Core/MPU6050/inv_mpu.c.obj
                0x0000000008003814                reg
 *fill*         0x000000000800382f        0x1 
 .rodata.test   0x0000000008003830       0x28 CMakeFiles/Example.elf.dir/Core/MPU6050/inv_mpu.c.obj
                0x0000000008003830                test
 .rodata.dmp_enable_gyro_cal.part.0.str1.1
                0x0000000008003858        0xa CMakeFiles/Example.elf.dir/Core/MPU6050/inv_mpu_dmp_motion_driver.c.obj
 .rodata.dmp_set_orientation.str1.1
                0x0000000008003862       0x10 CMakeFiles/Example.elf.dir/Core/MPU6050/inv_mpu_dmp_motion_driver.c.obj
 .rodata.dmp_set_fifo_rate.str1.1
                0x0000000008003872        0xd CMakeFiles/Example.elf.dir/Core/MPU6050/inv_mpu_dmp_motion_driver.c.obj
 .rodata.dmp_enable_gyro_cal.str1.1
                0x000000000800387f        0xa CMakeFiles/Example.elf.dir/Core/MPU6050/inv_mpu_dmp_motion_driver.c.obj
 .rodata.dmp_memory
                0x0000000008003889      0xbf6 CMakeFiles/Example.elf.dir/Core/MPU6050/inv_mpu_dmp_motion_driver.c.obj
 *fill*         0x000000000800447f        0x1 
 .rodata._global_impure_ptr
                0x0000000008004480        0x4 /home/miku/toolchain/gcc-arm-none-eabi/bin/../lib/gcc/arm-none-eabi/10.3.1/../../../../arm-none-eabi/lib/thumb/v7-m/nofp/libg.a(lib_a-impure.o)
                0x0000000008004480                _global_impure_ptr
                0x0000000008004484                . = ALIGN (0x4)

.ARM.extab      0x0000000008004484        0x0
                0x0000000008004484                . = ALIGN (0x4)
 *(.ARM.extab* .gnu.linkonce.armextab.*)
                0x0000000008004484                . = ALIGN (0x4)

.ARM            0x0000000008004484        0x8
                0x0000000008004484                . = ALIGN (0x4)
                0x0000000008004484                __exidx_start = .
 *(.ARM.exidx*)
 .ARM.exidx     0x0000000008004484        0x8 /home/miku/toolchain/gcc-arm-none-eabi/bin/../lib/gcc/arm-none-eabi/10.3.1/thumb/v7-m/nofp/libgcc.a(_udivmoddi4.o)
                0x000000000800448c                __exidx_end = .
                0x000000000800448c                . = ALIGN (0x4)

.rel.dyn        0x000000000800448c        0x0
 .rel.iplt      0x000000000800448c        0x0 /home/miku/toolchain/gcc-arm-none-eabi/bin/../lib/gcc/arm-none-eabi/10.3.1/thumb/v7-m/nofp/crtbegin.o

.preinit_array  0x000000000800448c        0x0
                0x000000000800448c                . = ALIGN (0x4)
                0x000000000800448c                PROVIDE (__preinit_array_start = .)
 *(.preinit_array*)
                0x000000000800448c                PROVIDE (__preinit_array_end = .)
                0x000000000800448c                . = ALIGN (0x4)

.init_array     0x000000000800448c        0x8
                0x000000000800448c                . = ALIGN (0x4)
                0x000000000800448c                PROVIDE (__init_array_start = .)
 *(SORT_BY_NAME(.init_array.*))
 .init_array.00000
                0x000000000800448c        0x4 /home/miku/toolchain/gcc-arm-none-eabi/bin/../lib/gcc/arm-none-eabi/10.3.1/../../../../arm-none-eabi/lib/thumb/v7-m/nofp/libg.a(lib_a-__call_atexit.o)
 *(.init_array*)
 .init_array    0x0000000008004490        0x4 /home/miku/toolchain/gcc-arm-none-eabi/bin/../lib/gcc/arm-none-eabi/10.3.1/thumb/v7-m/nofp/crtbegin.o
                0x0000000008004494                PROVIDE (__init_array_end = .)
                0x0000000008004494                . = ALIGN (0x4)

.fini_array     0x0000000008004494        0x4
                0x0000000008004494                . = ALIGN (0x4)
                0x0000000008004494                PROVIDE (__fini_array_start = .)
 *(SORT_BY_NAME(.fini_array.*))
 *(.fini_array*)
 .fini_array    0x0000000008004494        0x4 /home/miku/toolchain/gcc-arm-none-eabi/bin/../lib/gcc/arm-none-eabi/10.3.1/thumb/v7-m/nofp/crtbegin.o
                0x0000000008004498                PROVIDE (__fini_array_end = .)
                0x0000000008004498                . = ALIGN (0x4)
                0x0000000008004498                _sidata = LOADADDR (.data)

.data           0x0000000020000000      0x464 load address 0x0000000008004498
                0x0000000020000000                . = ALIGN (0x4)
                0x0000000020000000                _sdata = .
 *(.data)
 *(.data*)
 .data.gyro_orientation
                0x0000000020000000        0x9 CMakeFiles/Example.elf.dir/Core/MPU6050/inv_mpu.c.obj
 *fill*         0x0000000020000009        0x3 
 .data.st       0x000000002000000c       0x2c CMakeFiles/Example.elf.dir/Core/MPU6050/inv_mpu.c.obj
 .data.impure_data
                0x0000000020000038      0x428 /home/miku/toolchain/gcc-arm-none-eabi/bin/../lib/gcc/arm-none-eabi/10.3.1/../../../../arm-none-eabi/lib/thumb/v7-m/nofp/libg.a(lib_a-impure.o)
 .data.__atexit_recursive_mutex
                0x0000000020000460        0x4 /home/miku/toolchain/gcc-arm-none-eabi/bin/../lib/gcc/arm-none-eabi/10.3.1/../../../../arm-none-eabi/lib/thumb/v7-m/nofp/libg.a(lib_a-__call_atexit.o)
                0x0000000020000460                __atexit_recursive_mutex
 *(.RamFunc)
 *(.RamFunc*)
                0x0000000020000464                . = ALIGN (0x4)
                0x0000000020000464                _edata = .

.igot.plt       0x0000000020000464        0x0 load address 0x00000000080048fc
 .igot.plt      0x0000000020000464        0x0 /home/miku/toolchain/gcc-arm-none-eabi/bin/../lib/gcc/arm-none-eabi/10.3.1/thumb/v7-m/nofp/crtbegin.o
                0x0000000020000464                . = ALIGN (0x4)

.bss            0x0000000020000464       0x30 load address 0x00000000080048fc
                0x0000000020000464                _sbss = .
                0x0000000020000464                __bss_start__ = _sbss
 *(.bss)
 .bss           0x0000000020000464       0x1c /home/miku/toolchain/gcc-arm-none-eabi/bin/../lib/gcc/arm-none-eabi/10.3.1/thumb/v7-m/nofp/crtbegin.o
 *(.bss*)
 .bss.dmp       0x0000000020000480       0x10 CMakeFiles/Example.elf.dir/Core/MPU6050/inv_mpu_dmp_motion_driver.c.obj
 .bss.__lock___atexit_recursive_mutex
                0x0000000020000490        0x1 /home/miku/toolchain/gcc-arm-none-eabi/bin/../lib/gcc/arm-none-eabi/10.3.1/../../../../arm-none-eabi/lib/thumb/v7-m/nofp/libg.a(lib_a-lock.o)
                0x0000000020000490                __lock___atexit_recursive_mutex
 *(COMMON)
                0x0000000020000494                . = ALIGN (0x4)
 *fill*         0x0000000020000491        0x3 
                0x0000000020000494                _ebss = .
                0x0000000020000494                __bss_end__ = _ebss

._user_heap_stack
                0x0000000020000494      0x604 load address 0x00000000080048fc
                0x0000000020000498                . = ALIGN (0x8)
 *fill*         0x0000000020000494        0x4 
                [!provide]                        PROVIDE (end = .)
                [!provide]                        PROVIDE (_end = .)
                0x0000000020000698                . = (. + _Min_Heap_Size)
 *fill*         0x0000000020000498      0x200 
                0x0000000020000a98                . = (. + _Min_Stack_Size)
 *fill*         0x0000000020000698      0x400 
                0x0000000020000a98                . = ALIGN (0x8)

/DISCARD/
 libc.a(*)
 libm.a(*)
 libgcc.a(*)

.ARM.attributes
                0x0000000000000000       0x29
 *(.ARM.attributes)
 .ARM.attributes
                0x0000000000000000       0x1d /home/miku/toolchain/gcc-arm-none-eabi/bin/../lib/gcc/arm-none-eabi/10.3.1/thumb/v7-m/nofp/crti.o
 .ARM.attributes
                0x000000000000001d       0x2d /home/miku/toolchain/gcc-arm-none-eabi/bin/../lib/gcc/arm-none-eabi/10.3.1/thumb/v7-m/nofp/crtbegin.o
 .ARM.attributes
                0x000000000000004a       0x2d CMakeFiles/Example.elf.dir/Core/I2C/i2c.c.obj
 .ARM.attributes
                0x0000000000000077       0x2d CMakeFiles/Example.elf.dir/Core/MPU6050/inv_mpu.c.obj
 .ARM.attributes
                0x00000000000000a4       0x2d CMakeFiles/Example.elf.dir/Core/MPU6050/inv_mpu_dmp_motion_driver.c.obj
 .ARM.attributes
                0x00000000000000d1       0x2d CMakeFiles/Example.elf.dir/Core/Src/74HC595.c.obj
 .ARM.attributes
                0x00000000000000fe       0x2d CMakeFiles/Example.elf.dir/Core/Src/dalay.c.obj
 .ARM.attributes
                0x000000000000012b       0x2d CMakeFiles/Example.elf.dir/Core/Src/gpio.c.obj
 .ARM.attributes
                0x0000000000000158       0x2d CMakeFiles/Example.elf.dir/Core/Src/lcd1602.c.obj
 .ARM.attributes
                0x0000000000000185       0x2d CMakeFiles/Example.elf.dir/Core/Src/main.c.obj
 .ARM.attributes
                0x00000000000001b2       0x2d CMakeFiles/Example.elf.dir/Core/Src/mpu6050.c.obj
 .ARM.attributes
                0x00000000000001df       0x2d CMakeFiles/Example.elf.dir/Core/Src/stm32f10x_it.c.obj
 .ARM.attributes
                0x000000000000020c       0x21 CMakeFiles/Example.elf.dir/Core/Startup/startup_stm32f10x_md.s.obj
 .ARM.attributes
                0x000000000000022d       0x2d CMakeFiles/Example.elf.dir/Drivers/Src/stm32f10x_gpio.c.obj
 .ARM.attributes
                0x000000000000025a       0x2d CMakeFiles/Example.elf.dir/Drivers/Src/stm32f10x_rcc.c.obj
 .ARM.attributes
                0x0000000000000287       0x2d CMakeFiles/Example.elf.dir/Drivers/Src/system_stm32f10x.c.obj
 .ARM.attributes
                0x00000000000002b4       0x1d /home/miku/toolchain/gcc-arm-none-eabi/bin/../lib/gcc/arm-none-eabi/10.3.1/thumb/v7-m/nofp/libgcc.a(_arm_addsubdf3.o)
 .ARM.attributes
                0x00000000000002d1       0x1d /home/miku/toolchain/gcc-arm-none-eabi/bin/../lib/gcc/arm-none-eabi/10.3.1/thumb/v7-m/nofp/libgcc.a(_arm_muldivdf3.o)
 .ARM.attributes
                0x00000000000002ee       0x1d /home/miku/toolchain/gcc-arm-none-eabi/bin/../lib/gcc/arm-none-eabi/10.3.1/thumb/v7-m/nofp/libgcc.a(_arm_cmpdf2.o)
 .ARM.attributes
                0x000000000000030b       0x1d /home/miku/toolchain/gcc-arm-none-eabi/bin/../lib/gcc/arm-none-eabi/10.3.1/thumb/v7-m/nofp/libgcc.a(_arm_fixdfsi.o)
 .ARM.attributes
                0x0000000000000328       0x1d /home/miku/toolchain/gcc-arm-none-eabi/bin/../lib/gcc/arm-none-eabi/10.3.1/thumb/v7-m/nofp/libgcc.a(_arm_addsubsf3.o)
 .ARM.attributes
                0x0000000000000345       0x1d /home/miku/toolchain/gcc-arm-none-eabi/bin/../lib/gcc/arm-none-eabi/10.3.1/thumb/v7-m/nofp/libgcc.a(_arm_muldivsf3.o)
 .ARM.attributes
                0x0000000000000362       0x1d /home/miku/toolchain/gcc-arm-none-eabi/bin/../lib/gcc/arm-none-eabi/10.3.1/thumb/v7-m/nofp/libgcc.a(_arm_cmpsf2.o)
 .ARM.attributes
                0x000000000000037f       0x1d /home/miku/toolchain/gcc-arm-none-eabi/bin/../lib/gcc/arm-none-eabi/10.3.1/thumb/v7-m/nofp/libgcc.a(_arm_fixsfsi.o)
 .ARM.attributes
                0x000000000000039c       0x1d /home/miku/toolchain/gcc-arm-none-eabi/bin/../lib/gcc/arm-none-eabi/10.3.1/thumb/v7-m/nofp/libgcc.a(_arm_fixunssfsi.o)
 .ARM.attributes
                0x00000000000003b9       0x1d /home/miku/toolchain/gcc-arm-none-eabi/bin/../lib/gcc/arm-none-eabi/10.3.1/thumb/v7-m/nofp/libgcc.a(_aeabi_ldivmod.o)
 .ARM.attributes
                0x00000000000003d6       0x2d /home/miku/toolchain/gcc-arm-none-eabi/bin/../lib/gcc/arm-none-eabi/10.3.1/thumb/v7-m/nofp/libgcc.a(_udivmoddi4.o)
 .ARM.attributes
                0x0000000000000403       0x1d /home/miku/toolchain/gcc-arm-none-eabi/bin/../lib/gcc/arm-none-eabi/10.3.1/thumb/v7-m/nofp/libgcc.a(_dvmd_tls.o)
 .ARM.attributes
                0x0000000000000420       0x2d /home/miku/toolchain/gcc-arm-none-eabi/bin/../lib/gcc/arm-none-eabi/10.3.1/../../../../arm-none-eabi/lib/thumb/v7-m/nofp/libg.a(lib_a-impure.o)
 .ARM.attributes
                0x000000000000044d       0x2d /home/miku/toolchain/gcc-arm-none-eabi/bin/../lib/gcc/arm-none-eabi/10.3.1/../../../../arm-none-eabi/lib/thumb/v7-m/nofp/libg.a(lib_a-init.o)
 .ARM.attributes
                0x000000000000047a       0x2d /home/miku/toolchain/gcc-arm-none-eabi/bin/../lib/gcc/arm-none-eabi/10.3.1/../../../../arm-none-eabi/lib/thumb/v7-m/nofp/libg.a(lib_a-memcmp.o)
 .ARM.attributes
                0x00000000000004a7       0x2d /home/miku/toolchain/gcc-arm-none-eabi/bin/../lib/gcc/arm-none-eabi/10.3.1/../../../../arm-none-eabi/lib/thumb/v7-m/nofp/libg.a(lib_a-__call_atexit.o)
 .ARM.attributes
                0x00000000000004d4       0x2d /home/miku/toolchain/gcc-arm-none-eabi/bin/../lib/gcc/arm-none-eabi/10.3.1/../../../../arm-none-eabi/lib/thumb/v7-m/nofp/libg.a(lib_a-atexit.o)
 .ARM.attributes
                0x0000000000000501       0x2d /home/miku/toolchain/gcc-arm-none-eabi/bin/../lib/gcc/arm-none-eabi/10.3.1/../../../../arm-none-eabi/lib/thumb/v7-m/nofp/libg.a(lib_a-fini.o)
 .ARM.attributes
                0x000000000000052e       0x2d /home/miku/toolchain/gcc-arm-none-eabi/bin/../lib/gcc/arm-none-eabi/10.3.1/../../../../arm-none-eabi/lib/thumb/v7-m/nofp/libg.a(lib_a-lock.o)
 .ARM.attributes
                0x000000000000055b       0x2d /home/miku/toolchain/gcc-arm-none-eabi/bin/../lib/gcc/arm-none-eabi/10.3.1/../../../../arm-none-eabi/lib/thumb/v7-m/nofp/libg.a(lib_a-__atexit.o)
 .ARM.attributes
                0x0000000000000588       0x1d /home/miku/toolchain/gcc-arm-none-eabi/bin/../lib/gcc/arm-none-eabi/10.3.1/thumb/v7-m/nofp/crtn.o
OUTPUT(Example.elf elf32-littlearm)
LOAD linker stubs
LOAD /home/miku/toolchain/gcc-arm-none-eabi/bin/../lib/gcc/arm-none-eabi/10.3.1/../../../../arm-none-eabi/lib/thumb/v7-m/nofp/libc.a
LOAD /home/miku/toolchain/gcc-arm-none-eabi/bin/../lib/gcc/arm-none-eabi/10.3.1/../../../../arm-none-eabi/lib/thumb/v7-m/nofp/libm.a
LOAD /home/miku/toolchain/gcc-arm-none-eabi/bin/../lib/gcc/arm-none-eabi/10.3.1/thumb/v7-m/nofp/libgcc.a

.debug_info     0x0000000000000000     0x7f40
 .debug_info    0x0000000000000000     0x1284 CMakeFiles/Example.elf.dir/Core/I2C/i2c.c.obj
 .debug_info    0x0000000000001284     0x2d31 CMakeFiles/Example.elf.dir/Core/MPU6050/inv_mpu.c.obj
 .debug_info    0x0000000000003fb5     0x1393 CMakeFiles/Example.elf.dir/Core/MPU6050/inv_mpu_dmp_motion_driver.c.obj
 .debug_info    0x0000000000005348      0x388 CMakeFiles/Example.elf.dir/Core/Src/74HC595.c.obj
 .debug_info    0x00000000000056d0      0x17c CMakeFiles/Example.elf.dir/Core/Src/dalay.c.obj
 .debug_info    0x000000000000584c      0x2a9 CMakeFiles/Example.elf.dir/Core/Src/gpio.c.obj
 .debug_info    0x0000000000005af5      0x804 CMakeFiles/Example.elf.dir/Core/Src/lcd1602.c.obj
 .debug_info    0x00000000000062f9      0x1dc CMakeFiles/Example.elf.dir/Core/Src/main.c.obj
 .debug_info    0x00000000000064d5      0x232 CMakeFiles/Example.elf.dir/Core/Src/mpu6050.c.obj
 .debug_info    0x0000000000006707       0xec CMakeFiles/Example.elf.dir/Core/Src/stm32f10x_it.c.obj
 .debug_info    0x00000000000067f3       0x22 CMakeFiles/Example.elf.dir/Core/Startup/startup_stm32f10x_md.s.obj
 .debug_info    0x0000000000006815      0x880 CMakeFiles/Example.elf.dir/Drivers/Src/stm32f10x_gpio.c.obj
 .debug_info    0x0000000000007095      0xa04 CMakeFiles/Example.elf.dir/Drivers/Src/stm32f10x_rcc.c.obj
 .debug_info    0x0000000000007a99      0x4a7 CMakeFiles/Example.elf.dir/Drivers/Src/system_stm32f10x.c.obj

.debug_abbrev   0x0000000000000000     0x169e
 .debug_abbrev  0x0000000000000000      0x1b2 CMakeFiles/Example.elf.dir/Core/I2C/i2c.c.obj
 .debug_abbrev  0x00000000000001b2      0x3fc CMakeFiles/Example.elf.dir/Core/MPU6050/inv_mpu.c.obj
 .debug_abbrev  0x00000000000005ae      0x288 CMakeFiles/Example.elf.dir/Core/MPU6050/inv_mpu_dmp_motion_driver.c.obj
 .debug_abbrev  0x0000000000000836      0x153 CMakeFiles/Example.elf.dir/Core/Src/74HC595.c.obj
 .debug_abbrev  0x0000000000000989       0xe8 CMakeFiles/Example.elf.dir/Core/Src/dalay.c.obj
 .debug_abbrev  0x0000000000000a71      0x133 CMakeFiles/Example.elf.dir/Core/Src/gpio.c.obj
 .debug_abbrev  0x0000000000000ba4      0x1c8 CMakeFiles/Example.elf.dir/Core/Src/lcd1602.c.obj
 .debug_abbrev  0x0000000000000d6c      0x103 CMakeFiles/Example.elf.dir/Core/Src/main.c.obj
 .debug_abbrev  0x0000000000000e6f      0x102 CMakeFiles/Example.elf.dir/Core/Src/mpu6050.c.obj
 .debug_abbrev  0x0000000000000f71       0x78 CMakeFiles/Example.elf.dir/Core/Src/stm32f10x_it.c.obj
 .debug_abbrev  0x0000000000000fe9       0x12 CMakeFiles/Example.elf.dir/Core/Startup/startup_stm32f10x_md.s.obj
 .debug_abbrev  0x0000000000000ffb      0x23c CMakeFiles/Example.elf.dir/Drivers/Src/stm32f10x_gpio.c.obj
 .debug_abbrev  0x0000000000001237      0x27f CMakeFiles/Example.elf.dir/Drivers/Src/stm32f10x_rcc.c.obj
 .debug_abbrev  0x00000000000014b6      0x1e8 CMakeFiles/Example.elf.dir/Drivers/Src/system_stm32f10x.c.obj

.debug_loc      0x0000000000000000     0x4925
 .debug_loc     0x0000000000000000      0x3ae CMakeFiles/Example.elf.dir/Core/I2C/i2c.c.obj
 .debug_loc     0x00000000000003ae     0x20d2 CMakeFiles/Example.elf.dir/Core/MPU6050/inv_mpu.c.obj
 .debug_loc     0x0000000000002480     0x1089 CMakeFiles/Example.elf.dir/Core/MPU6050/inv_mpu_dmp_motion_driver.c.obj
 .debug_loc     0x0000000000003509       0x67 CMakeFiles/Example.elf.dir/Core/Src/74HC595.c.obj
 .debug_loc     0x0000000000003570       0xa1 CMakeFiles/Example.elf.dir/Core/Src/dalay.c.obj
 .debug_loc     0x0000000000003611      0x4ef CMakeFiles/Example.elf.dir/Core/Src/lcd1602.c.obj
 .debug_loc     0x0000000000003b00       0x58 CMakeFiles/Example.elf.dir/Core/Src/mpu6050.c.obj
 .debug_loc     0x0000000000003b58      0x5db CMakeFiles/Example.elf.dir/Drivers/Src/stm32f10x_gpio.c.obj
 .debug_loc     0x0000000000004133      0x71c CMakeFiles/Example.elf.dir/Drivers/Src/stm32f10x_rcc.c.obj
 .debug_loc     0x000000000000484f       0xd6 CMakeFiles/Example.elf.dir/Drivers/Src/system_stm32f10x.c.obj

.debug_aranges  0x0000000000000000      0x648
 .debug_aranges
                0x0000000000000000       0x50 CMakeFiles/Example.elf.dir/Core/I2C/i2c.c.obj
 .debug_aranges
                0x0000000000000050      0x198 CMakeFiles/Example.elf.dir/Core/MPU6050/inv_mpu.c.obj
 .debug_aranges
                0x00000000000001e8       0xf8 CMakeFiles/Example.elf.dir/Core/MPU6050/inv_mpu_dmp_motion_driver.c.obj
 .debug_aranges
                0x00000000000002e0       0x30 CMakeFiles/Example.elf.dir/Core/Src/74HC595.c.obj
 .debug_aranges
                0x0000000000000310       0x30 CMakeFiles/Example.elf.dir/Core/Src/dalay.c.obj
 .debug_aranges
                0x0000000000000340       0x20 CMakeFiles/Example.elf.dir/Core/Src/gpio.c.obj
 .debug_aranges
                0x0000000000000360       0x50 CMakeFiles/Example.elf.dir/Core/Src/lcd1602.c.obj
 .debug_aranges
                0x00000000000003b0       0x20 CMakeFiles/Example.elf.dir/Core/Src/main.c.obj
 .debug_aranges
                0x00000000000003d0       0x28 CMakeFiles/Example.elf.dir/Core/Src/mpu6050.c.obj
 .debug_aranges
                0x00000000000003f8       0x40 CMakeFiles/Example.elf.dir/Core/Src/stm32f10x_it.c.obj
 .debug_aranges
                0x0000000000000438       0x28 CMakeFiles/Example.elf.dir/Core/Startup/startup_stm32f10x_md.s.obj
 .debug_aranges
                0x0000000000000460       0xa8 CMakeFiles/Example.elf.dir/Drivers/Src/stm32f10x_gpio.c.obj
 .debug_aranges
                0x0000000000000508      0x118 CMakeFiles/Example.elf.dir/Drivers/Src/stm32f10x_rcc.c.obj
 .debug_aranges
                0x0000000000000620       0x28 CMakeFiles/Example.elf.dir/Drivers/Src/system_stm32f10x.c.obj

.debug_ranges   0x0000000000000000      0x780
 .debug_ranges  0x0000000000000000       0xd0 CMakeFiles/Example.elf.dir/Core/I2C/i2c.c.obj
 .debug_ranges  0x00000000000000d0      0x230 CMakeFiles/Example.elf.dir/Core/MPU6050/inv_mpu.c.obj
 .debug_ranges  0x0000000000000300      0x118 CMakeFiles/Example.elf.dir/Core/MPU6050/inv_mpu_dmp_motion_driver.c.obj
 .debug_ranges  0x0000000000000418       0x40 CMakeFiles/Example.elf.dir/Core/Src/74HC595.c.obj
 .debug_ranges  0x0000000000000458       0x20 CMakeFiles/Example.elf.dir/Core/Src/dalay.c.obj
 .debug_ranges  0x0000000000000478       0x10 CMakeFiles/Example.elf.dir/Core/Src/gpio.c.obj
 .debug_ranges  0x0000000000000488       0x90 CMakeFiles/Example.elf.dir/Core/Src/lcd1602.c.obj
 .debug_ranges  0x0000000000000518       0x10 CMakeFiles/Example.elf.dir/Core/Src/main.c.obj
 .debug_ranges  0x0000000000000528       0x18 CMakeFiles/Example.elf.dir/Core/Src/mpu6050.c.obj
 .debug_ranges  0x0000000000000540       0x30 CMakeFiles/Example.elf.dir/Core/Src/stm32f10x_it.c.obj
 .debug_ranges  0x0000000000000570       0x20 CMakeFiles/Example.elf.dir/Core/Startup/startup_stm32f10x_md.s.obj
 .debug_ranges  0x0000000000000590       0x98 CMakeFiles/Example.elf.dir/Drivers/Src/stm32f10x_gpio.c.obj
 .debug_ranges  0x0000000000000628      0x128 CMakeFiles/Example.elf.dir/Drivers/Src/stm32f10x_rcc.c.obj
 .debug_ranges  0x0000000000000750       0x30 CMakeFiles/Example.elf.dir/Drivers/Src/system_stm32f10x.c.obj

.debug_line     0x0000000000000000     0x60c2
 .debug_line    0x0000000000000000      0xde2 CMakeFiles/Example.elf.dir/Core/I2C/i2c.c.obj
 .debug_line    0x0000000000000de2     0x21b2 CMakeFiles/Example.elf.dir/Core/MPU6050/inv_mpu.c.obj
 .debug_line    0x0000000000002f94      0xeb7 CMakeFiles/Example.elf.dir/Core/MPU6050/inv_mpu_dmp_motion_driver.c.obj
 .debug_line    0x0000000000003e4b      0x26c CMakeFiles/Example.elf.dir/Core/Src/74HC595.c.obj
 .debug_line    0x00000000000040b7      0x1df CMakeFiles/Example.elf.dir/Core/Src/dalay.c.obj
 .debug_line    0x0000000000004296      0x1b5 CMakeFiles/Example.elf.dir/Core/Src/gpio.c.obj
 .debug_line    0x000000000000444b      0x4a7 CMakeFiles/Example.elf.dir/Core/Src/lcd1602.c.obj
 .debug_line    0x00000000000048f2      0x1ce CMakeFiles/Example.elf.dir/Core/Src/main.c.obj
 .debug_line    0x0000000000004ac0      0x1bb CMakeFiles/Example.elf.dir/Core/Src/mpu6050.c.obj
 .debug_line    0x0000000000004c7b      0x101 CMakeFiles/Example.elf.dir/Core/Src/stm32f10x_it.c.obj
 .debug_line    0x0000000000004d7c       0xa2 CMakeFiles/Example.elf.dir/Core/Startup/startup_stm32f10x_md.s.obj
 .debug_line    0x0000000000004e1e      0x686 CMakeFiles/Example.elf.dir/Drivers/Src/stm32f10x_gpio.c.obj
 .debug_line    0x00000000000054a4      0x8cf CMakeFiles/Example.elf.dir/Drivers/Src/stm32f10x_rcc.c.obj
 .debug_line    0x0000000000005d73      0x34f CMakeFiles/Example.elf.dir/Drivers/Src/system_stm32f10x.c.obj

.debug_str      0x0000000000000000     0x1d28
 .debug_str     0x0000000000000000      0x24b CMakeFiles/Example.elf.dir/Core/I2C/i2c.c.obj
                                        0x2a8 (size before relaxing)
 .debug_str     0x000000000000024b      0xab4 CMakeFiles/Example.elf.dir/Core/MPU6050/inv_mpu.c.obj
                                        0xd68 (size before relaxing)
 .debug_str     0x0000000000000cff      0x397 CMakeFiles/Example.elf.dir/Core/MPU6050/inv_mpu_dmp_motion_driver.c.obj
                                        0x6e8 (size before relaxing)
 .debug_str     0x0000000000001096       0x6f CMakeFiles/Example.elf.dir/Core/Src/74HC595.c.obj
                                        0x242 (size before relaxing)
 .debug_str     0x0000000000001105       0x5f CMakeFiles/Example.elf.dir/Core/Src/dalay.c.obj
                                        0x1f3 (size before relaxing)
 .debug_str     0x0000000000001164      0x17c CMakeFiles/Example.elf.dir/Core/Src/gpio.c.obj
                                        0x33c (size before relaxing)
 .debug_str     0x00000000000012e0       0xd9 CMakeFiles/Example.elf.dir/Core/Src/lcd1602.c.obj
                                        0x306 (size before relaxing)
 .debug_str     0x00000000000013b9       0x59 CMakeFiles/Example.elf.dir/Core/Src/main.c.obj
                                        0x25e (size before relaxing)
 .debug_str     0x0000000000001412       0x64 CMakeFiles/Example.elf.dir/Core/Src/mpu6050.c.obj
                                        0x27f (size before relaxing)
 .debug_str     0x0000000000001476       0xc8 CMakeFiles/Example.elf.dir/Core/Src/stm32f10x_it.c.obj
                                        0x23f (size before relaxing)
 .debug_str     0x000000000000153e       0x52 CMakeFiles/Example.elf.dir/Core/Startup/startup_stm32f10x_md.s.obj
                                         0x84 (size before relaxing)
 .debug_str     0x0000000000001590      0x27b CMakeFiles/Example.elf.dir/Drivers/Src/stm32f10x_gpio.c.obj
                                        0x582 (size before relaxing)
 .debug_str     0x000000000000180b      0x41f CMakeFiles/Example.elf.dir/Drivers/Src/stm32f10x_rcc.c.obj
                                        0x66c (size before relaxing)
 .debug_str     0x0000000000001c2a       0xfe CMakeFiles/Example.elf.dir/Drivers/Src/system_stm32f10x.c.obj
                                        0x332 (size before relaxing)

.comment        0x0000000000000000       0x49
 .comment       0x0000000000000000       0x49 CMakeFiles/Example.elf.dir/Core/I2C/i2c.c.obj
                                         0x4a (size before relaxing)
 .comment       0x0000000000000049       0x4a CMakeFiles/Example.elf.dir/Core/MPU6050/inv_mpu.c.obj
 .comment       0x0000000000000049       0x4a CMakeFiles/Example.elf.dir/Core/MPU6050/inv_mpu_dmp_motion_driver.c.obj
 .comment       0x0000000000000049       0x4a CMakeFiles/Example.elf.dir/Core/Src/74HC595.c.obj
 .comment       0x0000000000000049       0x4a CMakeFiles/Example.elf.dir/Core/Src/dalay.c.obj
 .comment       0x0000000000000049       0x4a CMakeFiles/Example.elf.dir/Core/Src/gpio.c.obj
 .comment       0x0000000000000049       0x4a CMakeFiles/Example.elf.dir/Core/Src/lcd1602.c.obj
 .comment       0x0000000000000049       0x4a CMakeFiles/Example.elf.dir/Core/Src/main.c.obj
 .comment       0x0000000000000049       0x4a CMakeFiles/Example.elf.dir/Core/Src/mpu6050.c.obj
 .comment       0x0000000000000049       0x4a CMakeFiles/Example.elf.dir/Core/Src/stm32f10x_it.c.obj
 .comment       0x0000000000000049       0x4a CMakeFiles/Example.elf.dir/Drivers/Src/stm32f10x_gpio.c.obj
 .comment       0x0000000000000049       0x4a CMakeFiles/Example.elf.dir/Drivers/Src/stm32f10x_rcc.c.obj
 .comment       0x0000000000000049       0x4a CMakeFiles/Example.elf.dir/Drivers/Src/system_stm32f10x.c.obj

.debug_frame    0x0000000000000000     0x15dc
 .debug_frame   0x0000000000000000       0xdc CMakeFiles/Example.elf.dir/Core/I2C/i2c.c.obj
 .debug_frame   0x00000000000000dc      0x55c CMakeFiles/Example.elf.dir/Core/MPU6050/inv_mpu.c.obj
 .debug_frame   0x0000000000000638      0x308 CMakeFiles/Example.elf.dir/Core/MPU6050/inv_mpu_dmp_motion_driver.c.obj
 .debug_frame   0x0000000000000940       0x6c CMakeFiles/Example.elf.dir/Core/Src/74HC595.c.obj
 .debug_frame   0x00000000000009ac       0x50 CMakeFiles/Example.elf.dir/Core/Src/dalay.c.obj
 .debug_frame   0x00000000000009fc       0x2c CMakeFiles/Example.elf.dir/Core/Src/gpio.c.obj
 .debug_frame   0x0000000000000a28      0x104 CMakeFiles/Example.elf.dir/Core/Src/lcd1602.c.obj
 .debug_frame   0x0000000000000b2c       0x28 CMakeFiles/Example.elf.dir/Core/Src/main.c.obj
 .debug_frame   0x0000000000000b54       0x48 CMakeFiles/Example.elf.dir/Core/Src/mpu6050.c.obj
 .debug_frame   0x0000000000000b9c       0xa0 CMakeFiles/Example.elf.dir/Core/Src/stm32f10x_it.c.obj
 .debug_frame   0x0000000000000c3c      0x170 CMakeFiles/Example.elf.dir/Drivers/Src/stm32f10x_gpio.c.obj
 .debug_frame   0x0000000000000dac      0x220 CMakeFiles/Example.elf.dir/Drivers/Src/stm32f10x_rcc.c.obj
 .debug_frame   0x0000000000000fcc       0x38 CMakeFiles/Example.elf.dir/Drivers/Src/system_stm32f10x.c.obj
 .debug_frame   0x0000000000001004       0xac /home/miku/toolchain/gcc-arm-none-eabi/bin/../lib/gcc/arm-none-eabi/10.3.1/thumb/v7-m/nofp/libgcc.a(_arm_addsubdf3.o)
 .debug_frame   0x00000000000010b0       0x50 /home/miku/toolchain/gcc-arm-none-eabi/bin/../lib/gcc/arm-none-eabi/10.3.1/thumb/v7-m/nofp/libgcc.a(_arm_muldivdf3.o)
 .debug_frame   0x0000000000001100       0xc4 /home/miku/toolchain/gcc-arm-none-eabi/bin/../lib/gcc/arm-none-eabi/10.3.1/thumb/v7-m/nofp/libgcc.a(_arm_cmpdf2.o)
 .debug_frame   0x00000000000011c4       0x24 /home/miku/toolchain/gcc-arm-none-eabi/bin/../lib/gcc/arm-none-eabi/10.3.1/thumb/v7-m/nofp/libgcc.a(_arm_fixdfsi.o)
 .debug_frame   0x00000000000011e8       0x4c /home/miku/toolchain/gcc-arm-none-eabi/bin/../lib/gcc/arm-none-eabi/10.3.1/thumb/v7-m/nofp/libgcc.a(_arm_addsubsf3.o)
 .debug_frame   0x0000000000001234       0x38 /home/miku/toolchain/gcc-arm-none-eabi/bin/../lib/gcc/arm-none-eabi/10.3.1/thumb/v7-m/nofp/libgcc.a(_arm_muldivsf3.o)
 .debug_frame   0x000000000000126c       0xc8 /home/miku/toolchain/gcc-arm-none-eabi/bin/../lib/gcc/arm-none-eabi/10.3.1/thumb/v7-m/nofp/libgcc.a(_arm_cmpsf2.o)
 .debug_frame   0x0000000000001334       0x24 /home/miku/toolchain/gcc-arm-none-eabi/bin/../lib/gcc/arm-none-eabi/10.3.1/thumb/v7-m/nofp/libgcc.a(_arm_fixsfsi.o)
 .debug_frame   0x0000000000001358       0x24 /home/miku/toolchain/gcc-arm-none-eabi/bin/../lib/gcc/arm-none-eabi/10.3.1/thumb/v7-m/nofp/libgcc.a(_arm_fixunssfsi.o)
 .debug_frame   0x000000000000137c       0x44 /home/miku/toolchain/gcc-arm-none-eabi/bin/../lib/gcc/arm-none-eabi/10.3.1/thumb/v7-m/nofp/libgcc.a(_aeabi_ldivmod.o)
 .debug_frame   0x00000000000013c0       0x34 /home/miku/toolchain/gcc-arm-none-eabi/bin/../lib/gcc/arm-none-eabi/10.3.1/thumb/v7-m/nofp/libgcc.a(_udivmoddi4.o)
 .debug_frame   0x00000000000013f4       0x2c /home/miku/toolchain/gcc-arm-none-eabi/bin/../lib/gcc/arm-none-eabi/10.3.1/../../../../arm-none-eabi/lib/thumb/v7-m/nofp/libg.a(lib_a-init.o)
 .debug_frame   0x0000000000001420       0x28 /home/miku/toolchain/gcc-arm-none-eabi/bin/../lib/gcc/arm-none-eabi/10.3.1/../../../../arm-none-eabi/lib/thumb/v7-m/nofp/libg.a(lib_a-memcmp.o)
 .debug_frame   0x0000000000001448       0x5c /home/miku/toolchain/gcc-arm-none-eabi/bin/../lib/gcc/arm-none-eabi/10.3.1/../../../../arm-none-eabi/lib/thumb/v7-m/nofp/libg.a(lib_a-__call_atexit.o)
 .debug_frame   0x00000000000014a4       0x20 /home/miku/toolchain/gcc-arm-none-eabi/bin/../lib/gcc/arm-none-eabi/10.3.1/../../../../arm-none-eabi/lib/thumb/v7-m/nofp/libg.a(lib_a-atexit.o)
 .debug_frame   0x00000000000014c4       0x34 /home/miku/toolchain/gcc-arm-none-eabi/bin/../lib/gcc/arm-none-eabi/10.3.1/../../../../arm-none-eabi/lib/thumb/v7-m/nofp/libg.a(lib_a-fini.o)
 .debug_frame   0x00000000000014f8       0xb0 /home/miku/toolchain/gcc-arm-none-eabi/bin/../lib/gcc/arm-none-eabi/10.3.1/../../../../arm-none-eabi/lib/thumb/v7-m/nofp/libg.a(lib_a-lock.o)
 .debug_frame   0x00000000000015a8       0x34 /home/miku/toolchain/gcc-arm-none-eabi/bin/../lib/gcc/arm-none-eabi/10.3.1/../../../../arm-none-eabi/lib/thumb/v7-m/nofp/libg.a(lib_a-__atexit.o)
