Archive member included to satisfy reference by file (symbol)

f:/my_app/sysgcc/arm-eabi/bin/../lib/gcc/arm-none-eabi/12.3.1/thumb/v7-m/nofp\libgcc.a(_arm_muldf3.o)
                              CMakeFiles/Example.elf.dir/Core/Src/HCSR04.c.obj (__aeabi_dmul)
f:/my_app/sysgcc/arm-eabi/bin/../lib/gcc/arm-none-eabi/12.3.1/thumb/v7-m/nofp\libgcc.a(_arm_mulsf3.o)
                              CMakeFiles/Example.elf.dir/Core/Src/HCSR04.c.obj (__aeabi_fmul)
f:/my_app/sysgcc/arm-eabi/bin/../lib/gcc/arm-none-eabi/12.3.1/thumb/v7-m/nofp\libgcc.a(_arm_addsubdf3.o)
                              CMakeFiles/Example.elf.dir/Core/Src/HCSR04.c.obj (__aeabi_i2d)
f:/my_app/sysgcc/arm-eabi/bin/../lib/gcc/arm-none-eabi/12.3.1/thumb/v7-m/nofp\libgcc.a(_arm_truncdfsf2.o)
                              CMakeFiles/Example.elf.dir/Core/Src/HCSR04.c.obj (__aeabi_d2f)
f:/my_app/sysgcc/arm-eabi/bin/../lib/gcc/arm-none-eabi/12.3.1/thumb/v7-m/nofp\libgcc.a(_arm_addsubsf3.o)
                              CMakeFiles/Example.elf.dir/Core/Src/HCSR04.c.obj (__aeabi_fsub)
f:/my_app/sysgcc/arm-eabi/bin/../lib/gcc/arm-none-eabi/12.3.1/thumb/v7-m/nofp\libgcc.a(_arm_muldivsf3.o)
                              CMakeFiles/Example.elf.dir/Core/Src/HCSR04.c.obj (__aeabi_fdiv)
f:/my_app/sysgcc/arm-eabi/bin/../lib/gcc/arm-none-eabi/12.3.1/thumb/v7-m/nofp\libgcc.a(_arm_cmpsf2.o)
                              CMakeFiles/Example.elf.dir/Core/Src/HCSR04.c.obj (__aeabi_fcmplt)
f:/my_app/sysgcc/arm-eabi/bin/../lib/gcc/arm-none-eabi/12.3.1/thumb/v7-m/nofp\libgcc.a(_arm_fixunssfsi.o)
                              CMakeFiles/Example.elf.dir/Core/Src/HCSR04.c.obj (__aeabi_f2uiz)
f:/my_app/sysgcc/arm-eabi/bin/../lib/gcc/arm-none-eabi/12.3.1/thumb/v7-m/nofp\libg.a(libc_a-exit.o)
                              f:/my_app/sysgcc/arm-eabi/bin/../lib/gcc/arm-none-eabi/12.3.1/thumb/v7-m/nofp/crt0.o (exit)
f:/my_app/sysgcc/arm-eabi/bin/../lib/gcc/arm-none-eabi/12.3.1/thumb/v7-m/nofp\libg.a(libc_a-findfp.o)
                              f:/my_app/sysgcc/arm-eabi/bin/../lib/gcc/arm-none-eabi/12.3.1/thumb/v7-m/nofp\libg.a(libc_a-exit.o) (__stdio_exit_handler)
f:/my_app/sysgcc/arm-eabi/bin/../lib/gcc/arm-none-eabi/12.3.1/thumb/v7-m/nofp\libg.a(libc_a-fwalk.o)
                              f:/my_app/sysgcc/arm-eabi/bin/../lib/gcc/arm-none-eabi/12.3.1/thumb/v7-m/nofp\libg.a(libc_a-findfp.o) (_fwalk_sglue)
f:/my_app/sysgcc/arm-eabi/bin/../lib/gcc/arm-none-eabi/12.3.1/thumb/v7-m/nofp\libg.a(libc_a-stdio.o)
                              f:/my_app/sysgcc/arm-eabi/bin/../lib/gcc/arm-none-eabi/12.3.1/thumb/v7-m/nofp\libg.a(libc_a-findfp.o) (__sread)
f:/my_app/sysgcc/arm-eabi/bin/../lib/gcc/arm-none-eabi/12.3.1/thumb/v7-m/nofp\libg.a(libc_a-memset.o)
                              f:/my_app/sysgcc/arm-eabi/bin/../lib/gcc/arm-none-eabi/12.3.1/thumb/v7-m/nofp/crt0.o (memset)
f:/my_app/sysgcc/arm-eabi/bin/../lib/gcc/arm-none-eabi/12.3.1/thumb/v7-m/nofp\libg.a(libc_a-closer.o)
                              f:/my_app/sysgcc/arm-eabi/bin/../lib/gcc/arm-none-eabi/12.3.1/thumb/v7-m/nofp\libg.a(libc_a-stdio.o) (_close_r)
f:/my_app/sysgcc/arm-eabi/bin/../lib/gcc/arm-none-eabi/12.3.1/thumb/v7-m/nofp\libg.a(libc_a-reent.o)
                              f:/my_app/sysgcc/arm-eabi/bin/../lib/gcc/arm-none-eabi/12.3.1/thumb/v7-m/nofp\libg.a(libc_a-closer.o) (errno)
f:/my_app/sysgcc/arm-eabi/bin/../lib/gcc/arm-none-eabi/12.3.1/thumb/v7-m/nofp\libg.a(libc_a-impure.o)
                              f:/my_app/sysgcc/arm-eabi/bin/../lib/gcc/arm-none-eabi/12.3.1/thumb/v7-m/nofp\libg.a(libc_a-reent.o) (_impure_ptr)
f:/my_app/sysgcc/arm-eabi/bin/../lib/gcc/arm-none-eabi/12.3.1/thumb/v7-m/nofp\libg.a(libc_a-lseekr.o)
                              f:/my_app/sysgcc/arm-eabi/bin/../lib/gcc/arm-none-eabi/12.3.1/thumb/v7-m/nofp\libg.a(libc_a-stdio.o) (_lseek_r)
f:/my_app/sysgcc/arm-eabi/bin/../lib/gcc/arm-none-eabi/12.3.1/thumb/v7-m/nofp\libg.a(libc_a-readr.o)
                              f:/my_app/sysgcc/arm-eabi/bin/../lib/gcc/arm-none-eabi/12.3.1/thumb/v7-m/nofp\libg.a(libc_a-stdio.o) (_read_r)
f:/my_app/sysgcc/arm-eabi/bin/../lib/gcc/arm-none-eabi/12.3.1/thumb/v7-m/nofp\libg.a(libc_a-writer.o)
                              f:/my_app/sysgcc/arm-eabi/bin/../lib/gcc/arm-none-eabi/12.3.1/thumb/v7-m/nofp\libg.a(libc_a-stdio.o) (_write_r)
f:/my_app/sysgcc/arm-eabi/bin/../lib/gcc/arm-none-eabi/12.3.1/thumb/v7-m/nofp\libg.a(libc_a-init.o)
                              f:/my_app/sysgcc/arm-eabi/bin/../lib/gcc/arm-none-eabi/12.3.1/thumb/v7-m/nofp/crt0.o (__libc_init_array)
f:/my_app/sysgcc/arm-eabi/bin/../lib/gcc/arm-none-eabi/12.3.1/thumb/v7-m/nofp\libg.a(libc_a-lock.o)
                              f:/my_app/sysgcc/arm-eabi/bin/../lib/gcc/arm-none-eabi/12.3.1/thumb/v7-m/nofp\libg.a(libc_a-findfp.o) (__retarget_lock_init_recursive)
f:/my_app/sysgcc/arm-eabi/bin/../lib/gcc/arm-none-eabi/12.3.1/thumb/v7-m/nofp\libg.a(libc_a-__call_atexit.o)
[...]
Memory Configuration

Name             Origin             Length             Attributes
RAM              0x20000000         0x00005000         xrw
FLASH            0x08000000         0x00010000         xr
*default*        0x00000000         0xffffffff

Linker script and memory map

LOAD f:/my_app/sysgcc/arm-eabi/bin/../lib/gcc/arm-none-eabi/12.3.1/thumb/v7-m/nofp/crti.o
LOAD f:/my_app/sysgcc/arm-eabi/bin/../lib/gcc/arm-none-eabi/12.3.1/thumb/v7-m/nofp/crtbegin.o
LOAD f:/my_app/sysgcc/arm-eabi/bin/../lib/gcc/arm-none-eabi/12.3.1/thumb/v7-m/nofp/crt0.o
LOAD CMakeFiles/Example.elf.dir/Core/Src/74hc595.c.obj
LOAD CMakeFiles/Example.elf.dir/Core/Src/HCSR04.c.obj
LOAD CMakeFiles/Example.elf.dir/Core/Src/Nixie.c.obj
LOAD CMakeFiles/Example.elf.dir/Core/Src/Timer.c.obj
LOAD CMakeFiles/Example.elf.dir/Core/Src/delay.c.obj
LOAD CMakeFiles/Example.elf.dir/Core/Src/gpio.c.obj
LOAD CMakeFiles/Example.elf.dir/Core/Src/main.c.obj
LOAD CMakeFiles/Example.elf.dir/Core/Src/stm32f10x_it.c.obj
LOAD CMakeFiles/Example.elf.dir/Core/Startup/startup_stm32f10x_md.s.obj
LOAD CMakeFiles/Example.elf.dir/Drivers/Src/core_cm3.c.obj
LOAD CMakeFiles/Example.elf.dir/Drivers/Src/misc.c.obj
LOAD CMakeFiles/Example.elf.dir/Drivers/Src/stm32f10x_adc.c.obj
LOAD CMakeFiles/Example.elf.dir/Drivers/Src/stm32f10x_bkp.c.obj
LOAD CMakeFiles/Example.elf.dir/Drivers/Src/stm32f10x_can.c.obj
LOAD CMakeFiles/Example.elf.dir/Drivers/Src/stm32f10x_cec.c.obj
LOAD CMakeFiles/Example.elf.dir/Drivers/Src/stm32f10x_crc.c.obj
LOAD CMakeFiles/Example.elf.dir/Drivers/Src/stm32f10x_dac.c.obj
LOAD CMakeFiles/Example.elf.dir/Drivers/Src/stm32f10x_dbgmcu.c.obj
LOAD CMakeFiles/Example.elf.dir/Drivers/Src/stm32f10x_dma.c.obj
LOAD CMakeFiles/Example.elf.dir/Drivers/Src/stm32f10x_exti.c.obj
LOAD CMakeFiles/Example.elf.dir/Drivers/Src/stm32f10x_flash.c.obj
LOAD CMakeFiles/Example.elf.dir/Drivers/Src/stm32f10x_fsmc.c.obj
LOAD CMakeFiles/Example.elf.dir/Drivers/Src/stm32f10x_gpio.c.obj
LOAD CMakeFiles/Example.elf.dir/Drivers/Src/stm32f10x_i2c.c.obj
LOAD CMakeFiles/Example.elf.dir/Drivers/Src/stm32f10x_iwdg.c.obj
LOAD CMakeFiles/Example.elf.dir/Drivers/Src/stm32f10x_pwr.c.obj
LOAD CMakeFiles/Example.elf.dir/Drivers/Src/stm32f10x_rcc.c.obj
LOAD CMakeFiles/Example.elf.dir/Drivers/Src/stm32f10x_rtc.c.obj
LOAD CMakeFiles/Example.elf.dir/Drivers/Src/stm32f10x_sdio.c.obj
LOAD CMakeFiles/Example.elf.dir/Drivers/Src/stm32f10x_spi.c.obj
LOAD CMakeFiles/Example.elf.dir/Drivers/Src/stm32f10x_tim.c.obj
LOAD CMakeFiles/Example.elf.dir/Drivers/Src/stm32f10x_usart.c.obj
LOAD CMakeFiles/Example.elf.dir/Drivers/Src/stm32f10x_wwdg.c.obj
LOAD CMakeFiles/Example.elf.dir/Drivers/Src/system_stm32f10x.c.obj
START GROUP
LOAD f:/my_app/sysgcc/arm-eabi/bin/../lib/gcc/arm-none-eabi/12.3.1/thumb/v7-m/nofp\libgcc.a
LOAD f:/my_app/sysgcc/arm-eabi/bin/../lib/gcc/arm-none-eabi/12.3.1/thumb/v7-m/nofp\libg.a
LOAD f:/my_app/sysgcc/arm-eabi/bin/../lib/gcc/arm-none-eabi/12.3.1/thumb/v7-m/nofp\libc.a
END GROUP
LOAD f:/my_app/sysgcc/arm-eabi/bin/../lib/gcc/arm-none-eabi/12.3.1/thumb/v7-m/nofp/crtend.o
LOAD f:/my_app/sysgcc/arm-eabi/bin/../lib/gcc/arm-none-eabi/12.3.1/thumb/v7-m/nofp/crtn.o
                0x20005000                        _estack = (ORIGIN (RAM) + LENGTH (RAM))
                0x00000200                        _Min_Heap_Size = 0x200
                0x00000400                        _Min_Stack_Size = 0x400

.isr_vector     0x08000000      0x10c
                0x08000000                        . = ALIGN (0x4)
 *(.isr_vector)
 .isr_vector    0x08000000      0x10c CMakeFiles/Example.elf.dir/Core/Startup/startup_stm32f10x_md.s.obj
                0x08000000                g_pfnVectors
                0x0800010c                        . = ALIGN (0x4)

.text           0x08000110     0x2184
                0x08000110                        . = ALIGN (0x4)
 *(.text)
 .text          0x08000110      0x378 f:/my_app/sysgcc/arm-eabi/bin/../lib/gcc/arm-none-eabi/12.3.1/thumb/v7-m/nofp\libgcc.a(_arm_addsubdf3.o)
                0x08000110                __aeabi_drsub
                0x08000118                __aeabi_dsub
                0x08000118                __subdf3
                0x0800011c                __aeabi_dadd
                0x0800011c                __adddf3
                0x08000394                __floatunsidf
                0x08000394                __aeabi_ui2d
                0x080003b4                __floatsidf
                0x080003b4                __aeabi_i2d
                0x080003d8                __aeabi_f2d
                0x080003d8                __extendsfdf2
                0x0800041c                __floatundidf
                0x0800041c                __aeabi_ul2d
                0x0800042c                __floatdidf
                0x0800042c                __aeabi_l2d
 .text          0x08000488       0xa0 f:/my_app/sysgcc/arm-eabi/bin/../lib/gcc/arm-none-eabi/12.3.1/thumb/v7-m/nofp\libgcc.a(_arm_truncdfsf2.o)
                0x08000488                __truncdfsf2
                0x08000488                __aeabi_d2f
 .text          0x08000528      0x21c f:/my_app/sysgcc/arm-eabi/bin/../lib/gcc/arm-none-eabi/12.3.1/thumb/v7-m/nofp\libgcc.a(_arm_addsubsf3.o)
                0x08000528                __aeabi_frsub
                0x08000530                __subsf3
                0x08000530                __aeabi_fsub
                0x08000534                __aeabi_fadd
                0x08000534                __addsf3
                0x08000694                __aeabi_ui2f
                0x08000694                __floatunsisf
                0x0800069c                __aeabi_i2f
                0x0800069c                __floatsisf
                0x080006b8                __aeabi_ul2f
                0x080006b8                __floatundisf
                0x080006c8                __aeabi_l2f
                0x080006c8                __floatdisf
 .text          0x08000744      0x2a0 f:/my_app/sysgcc/arm-eabi/bin/../lib/gcc/arm-none-eabi/12.3.1/thumb/v7-m/nofp\libgcc.a(_arm_muldivsf3.o)
                0x08000744                __mulsf3
                0x08000744                __aeabi_fmul
                0x080008ac                __aeabi_fdiv
                0x080008ac                __divsf3
 .text          0x080009e4       0xec f:/my_app/sysgcc/arm-eabi/bin/../lib/gcc/arm-none-eabi/12.3.1/thumb/v7-m/nofp\libgcc.a(_arm_cmpsf2.o)
                0x080009e4                __gesf2
                0x080009e4                __gtsf2
                0x080009ec                __lesf2
                0x080009ec                __ltsf2
                0x080009f4                __nesf2
                0x080009f4                __eqsf2
                0x080009f4                __cmpsf2
                0x08000a54                __aeabi_cfrcmple
                0x08000a5c                __aeabi_cfcmpeq
                0x08000a5c                __aeabi_cfcmple
                0x08000a6c                __aeabi_fcmpeq
                0x08000a80                __aeabi_fcmplt
                0x08000a94                __aeabi_fcmple
                0x08000aa8                __aeabi_fcmpge
                0x08000abc                __aeabi_fcmpgt
 .text          0x08000ad0       0x40 f:/my_app/sysgcc/arm-eabi/bin/../lib/gcc/arm-none-eabi/12.3.1/thumb/v7-m/nofp\libgcc.a(_arm_fixunssfsi.o)
                0x08000ad0                __fixunssfsi
                0x08000ad0                __aeabi_f2uiz
 .text          0x08000b10      0x424 f:/my_app/sysgcc/arm-eabi/bin/../lib/gcc/arm-none-eabi/12.3.1/thumb/v7-m/nofp\libgcc.a(_arm_muldivdf3.o)
                0x08000b10                __aeabi_dmul
                0x08000b10                __muldf3
                0x08000d64                __divdf3
                0x08000d64                __aeabi_ddiv
 .text          0x08000f34      0x110 f:/my_app/sysgcc/arm-eabi/bin/../lib/gcc/arm-none-eabi/12.3.1/thumb/v7-m/nofp\libgcc.a(_arm_cmpdf2.o)
                0x08000f34                __gtdf2
                0x08000f34                __gedf2
                0x08000f3c                __ltdf2
                0x08000f3c                __ledf2
                0x08000f44                __nedf2
                0x08000f44                __eqdf2
                0x08000f44                __cmpdf2
                0x08000fc0                __aeabi_cdrcmple
                0x08000fd0                __aeabi_cdcmpeq
                0x08000fd0                __aeabi_cdcmple
                0x08000fe0                __aeabi_dcmpeq
                0x08000ff4                __aeabi_dcmplt
                0x08001008                __aeabi_dcmple
                0x0800101c                __aeabi_dcmpge
                0x08001030                __aeabi_dcmpgt
 .text          0x08001044       0x2c f:/my_app/sysgcc/arm-eabi/bin/../lib/gcc/arm-none-eabi/12.3.1/thumb/v7-m/nofp\libgcc.a(_arm_unorddf2.o)
                0x08001044                __unorddf2
                0x08001044                __aeabi_dcmpun
 *(.text*)
 .text.deregister_tm_clones
                0x08001070       0x1c f:/my_app/sysgcc/arm-eabi/bin/../lib/gcc/arm-none-eabi/12.3.1/thumb/v7-m/nofp/crtbegin.o
 .text.register_tm_clones
                0x0800108c       0x24 f:/my_app/sysgcc/arm-eabi/bin/../lib/gcc/arm-none-eabi/12.3.1/thumb/v7-m/nofp/crtbegin.o
 .text.__do_global_dtors_aux
                0x080010b0       0x28 f:/my_app/sysgcc/arm-eabi/bin/../lib/gcc/arm-none-eabi/12.3.1/thumb/v7-m/nofp/crtbegin.o
 .text.frame_dummy
                0x080010d8       0x24 f:/my_app/sysgcc/arm-eabi/bin/../lib/gcc/arm-none-eabi/12.3.1/thumb/v7-m/nofp/crtbegin.o
 .text.H595Init
                0x080010fc       0x2c CMakeFiles/Example.elf.dir/Core/Src/74hc595.c.obj
                0x080010fc                H595Init
 .text.DataClear
                0x08001128       0x20 CMakeFiles/Example.elf.dir/Core/Src/74hc595.c.obj
                0x08001128                DataClear
 .text.SendByte
                0x08001148       0x58 CMakeFiles/Example.elf.dir/Core/Src/74hc595.c.obj
                0x08001148                SendByte
 .text.HCSR04_Init
                0x080011a0       0x18 CMakeFiles/Example.elf.dir/Core/Src/HCSR04.c.obj
                0x080011a0                HCSR04_Init
 .text.Data_Processing
                0x080011b8      0x190 CMakeFiles/Example.elf.dir/Core/Src/HCSR04.c.obj
                0x080011b8                Data_Processing
 .text.Value_Processing
                0x08001348      0x188 CMakeFiles/Example.elf.dir/Core/Src/HCSR04.c.obj
                0x08001348                Value_Processing
 .text.DisplayNixie
                0x080014d0       0x7c CMakeFiles/Example.elf.dir/Core/Src/Nixie.c.obj
                0x080014d0                DisplayNixie
 .text.Timer_Init
                0x0800154c       0xc8 CMakeFiles/Example.elf.dir/Core/Src/Timer.c.obj
                0x0800154c                Timer_Init
 .text.TIM3_IRQHandler
                0x08001614       0x2c CMakeFiles/Example.elf.dir/Core/Src/Timer.c.obj
                0x08001614                TIM3_IRQHandler
 .text.TIM2_IRQHandler
                0x08001640       0x48 CMakeFiles/Example.elf.dir/Core/Src/Timer.c.obj
                0x08001640                TIM2_IRQHandler
 .text.Delay_us
                0x08001688       0x20 CMakeFiles/Example.elf.dir/Core/Src/delay.c.obj
                0x08001688                Delay_us
 .text.My_GPIO_Init
                0x080016a8       0x84 CMakeFiles/Example.elf.dir/Core/Src/gpio.c.obj
                0x080016a8                My_GPIO_Init
 .text.EXTI1_IRQHandler
                0x0800172c       0x54 CMakeFiles/Example.elf.dir/Core/Src/gpio.c.obj
                0x0800172c                EXTI1_IRQHandler
 .text.startup.main
                0x08001780       0x24 CMakeFiles/Example.elf.dir/Core/Src/main.c.obj
                0x08001780                main
 .text.NMI_Handler
                0x080017a4        0x4 CMakeFiles/Example.elf.dir/Core/Src/stm32f10x_it.c.obj
                0x080017a4                NMI_Handler
 .text.HardFault_Handler
                0x080017a8        0x4 CMakeFiles/Example.elf.dir/Core/Src/stm32f10x_it.c.obj
                0x080017a8                HardFault_Handler
 .text.MemManage_Handler
                0x080017ac        0x4 CMakeFiles/Example.elf.dir/Core/Src/stm32f10x_it.c.obj
                0x080017ac                MemManage_Handler
 .text.BusFault_Handler
                0x080017b0        0x4 CMakeFiles/Example.elf.dir/Core/Src/stm32f10x_it.c.obj
                0x080017b0                BusFault_Handler
 .text.UsageFault_Handler
                0x080017b4        0x4 CMakeFiles/Example.elf.dir/Core/Src/stm32f10x_it.c.obj
                0x080017b4                UsageFault_Handler
 .text.SVC_Handler
                0x080017b8        0x4 CMakeFiles/Example.elf.dir/Core/Src/stm32f10x_it.c.obj
                0x080017b8                SVC_Handler
 .text.DebugMon_Handler
                0x080017bc        0x4 CMakeFiles/Example.elf.dir/Core/Src/stm32f10x_it.c.obj
                0x080017bc                DebugMon_Handler
 .text.PendSV_Handler
                0x080017c0        0x4 CMakeFiles/Example.elf.dir/Core/Src/stm32f10x_it.c.obj
                0x080017c0                PendSV_Handler
 .text.SysTick_Handler
                0x080017c4        0x4 CMakeFiles/Example.elf.dir/Core/Src/stm32f10x_it.c.obj
                0x080017c4                SysTick_Handler
 .text.Reset_Handler
                0x080017c8       0x48 CMakeFiles/Example.elf.dir/Core/Startup/startup_stm32f10x_md.s.obj
                0x080017c8                Reset_Handler
 .text.Default_Handler
                0x08001810        0x2 CMakeFiles/Example.elf.dir/Core/Startup/startup_stm32f10x_md.s.obj
                0x08001810                RTC_Alarm_IRQHandler
                0x08001810                EXTI2_IRQHandler
                0x08001810                TIM1_CC_IRQHandler
                0x08001810                PVD_IRQHandler
                0x08001810                EXTI3_IRQHandler
                0x08001810                EXTI0_IRQHandler
                0x08001810                I2C2_EV_IRQHandler
                0x08001810                ADC1_2_IRQHandler
                0x08001810                SPI1_IRQHandler
                0x08001810                TAMPER_IRQHandler
                0x08001810                DMA1_Channel4_IRQHandler
                0x08001810                USART3_IRQHandler
                0x08001810                RTC_IRQHandler
                0x08001810                DMA1_Channel7_IRQHandler
                0x08001810                CAN1_RX1_IRQHandler
                0x08001810                TIM4_IRQHandler
                0x08001810                I2C1_EV_IRQHandler
                0x08001810                DMA1_Channel6_IRQHandler
                0x08001810                RCC_IRQHandler
                0x08001810                TIM1_TRG_COM_IRQHandler
                0x08001810                DMA1_Channel1_IRQHandler
                0x08001810                Default_Handler
                0x08001810                EXTI15_10_IRQHandler
                0x08001810                EXTI9_5_IRQHandler
                0x08001810                SPI2_IRQHandler
                0x08001810                DMA1_Channel5_IRQHandler
                0x08001810                EXTI4_IRQHandler
                0x08001810                USB_LP_CAN1_RX0_IRQHandler
                0x08001810                USB_HP_CAN1_TX_IRQHandler
                0x08001810                DMA1_Channel3_IRQHandler
                0x08001810                TIM1_UP_IRQHandler
                0x08001810                WWDG_IRQHandler
                0x08001810                TIM1_BRK_IRQHandler
                0x08001810                USART2_IRQHandler
                0x08001810                I2C2_ER_IRQHandler
                0x08001810                DMA1_Channel2_IRQHandler
                0x08001810                CAN1_SCE_IRQHandler
                0x08001810                FLASH_IRQHandler
                0x08001810                USART1_IRQHandler
                0x08001810                I2C1_ER_IRQHandler
                0x08001810                USBWakeUp_IRQHandler
 *fill*         0x08001812        0x2 
 .text.NVIC_PriorityGroupConfig
                0x08001814       0x14 CMakeFiles/Example.elf.dir/Drivers/Src/misc.c.obj
                0x08001814                NVIC_PriorityGroupConfig
 .text.NVIC_Init
                0x08001828       0x5c CMakeFiles/Example.elf.dir/Drivers/Src/misc.c.obj
                0x08001828                NVIC_Init
 .text.EXTI_Init
                0x08001884       0x70 CMakeFiles/Example.elf.dir/Drivers/Src/stm32f10x_exti.c.obj
                0x08001884                EXTI_Init
 .text.EXTI_GetITStatus
                0x080018f4       0x1c CMakeFiles/Example.elf.dir/Drivers/Src/stm32f10x_exti.c.obj
                0x080018f4                EXTI_GetITStatus
 .text.EXTI_ClearITPendingBit
                0x08001910        0xc CMakeFiles/Example.elf.dir/Drivers/Src/stm32f10x_exti.c.obj
                0x08001910                EXTI_ClearITPendingBit
 .text.GPIO_Init
                0x0800191c      0x34c CMakeFiles/Example.elf.dir/Drivers/Src/stm32f10x_gpio.c.obj
                0x0800191c                GPIO_Init
 .text.GPIO_ReadInputDataBit
                0x08001c68        0xc CMakeFiles/Example.elf.dir/Drivers/Src/stm32f10x_gpio.c.obj
                0x08001c68                GPIO_ReadInputDataBit
 .text.GPIO_SetBits
                0x08001c74        0x4 CMakeFiles/Example.elf.dir/Drivers/Src/stm32f10x_gpio.c.obj
                0x08001c74                GPIO_SetBits
 .text.GPIO_ResetBits
                0x08001c78        0x4 CMakeFiles/Example.elf.dir/Drivers/Src/stm32f10x_gpio.c.obj
                0x08001c78                GPIO_ResetBits
 .text.GPIO_WriteBit
                0x08001c7c        0xc CMakeFiles/Example.elf.dir/Drivers/Src/stm32f10x_gpio.c.obj
                0x08001c7c                GPIO_WriteBit
 .text.GPIO_EXTILineConfig
                0x08001c88       0x2c CMakeFiles/Example.elf.dir/Drivers/Src/stm32f10x_gpio.c.obj
                0x08001c88                GPIO_EXTILineConfig
 .text.RCC_APB2PeriphClockCmd
                0x08001cb4       0x18 CMakeFiles/Example.elf.dir/Drivers/Src/stm32f10x_rcc.c.obj
                0x08001cb4                RCC_APB2PeriphClockCmd
 .text.RCC_APB1PeriphClockCmd
                0x08001ccc       0x18 CMakeFiles/Example.elf.dir/Drivers/Src/stm32f10x_rcc.c.obj
                0x08001ccc                RCC_APB1PeriphClockCmd
 .text.TIM_TimeBaseInit
                0x08001ce4       0xd0 CMakeFiles/Example.elf.dir/Drivers/Src/stm32f10x_tim.c.obj
                0x08001ce4                TIM_TimeBaseInit
 .text.TIM_Cmd  0x08001db4       0x1c CMakeFiles/Example.elf.dir/Drivers/Src/stm32f10x_tim.c.obj
                0x08001db4                TIM_Cmd
 .text.TIM_ITConfig
                0x08001dd0       0x14 CMakeFiles/Example.elf.dir/Drivers/Src/stm32f10x_tim.c.obj
                0x08001dd0                TIM_ITConfig
 .text.TIM_InternalClockConfig
                0x08001de4       0x10 CMakeFiles/Example.elf.dir/Drivers/Src/stm32f10x_tim.c.obj
                0x08001de4                TIM_InternalClockConfig
 .text.TIM_GetCounter
                0x08001df4        0x8 CMakeFiles/Example.elf.dir/Drivers/Src/stm32f10x_tim.c.obj
                0x08001df4                TIM_GetCounter
 .text.TIM_ClearFlag
                0x08001dfc        0x8 CMakeFiles/Example.elf.dir/Drivers/Src/stm32f10x_tim.c.obj
                0x08001dfc                TIM_ClearFlag
 .text.TIM_GetITStatus
                0x08001e04       0x18 CMakeFiles/Example.elf.dir/Drivers/Src/stm32f10x_tim.c.obj
                0x08001e04                TIM_GetITStatus
 .text.TIM_ClearITPendingBit
                0x08001e1c        0x8 CMakeFiles/Example.elf.dir/Drivers/Src/stm32f10x_tim.c.obj
                0x08001e1c                TIM_ClearITPendingBit
 .text.SystemInit
                0x08001e24      0x100 CMakeFiles/Example.elf.dir/Drivers/Src/system_stm32f10x.c.obj
                0x08001e24                SystemInit
 .text.__libc_init_array
                0x08001f24       0x50 f:/my_app/sysgcc/arm-eabi/bin/../lib/gcc/arm-none-eabi/12.3.1/thumb/v7-m/nofp\libg.a(libc_a-init.o)
                0x08001f24                __libc_init_array
 .text.__retarget_lock_acquire_recursive
                0x08001f74        0x4 f:/my_app/sysgcc/arm-eabi/bin/../lib/gcc/arm-none-eabi/12.3.1/thumb/v7-m/nofp\libg.a(libc_a-lock.o)
                0x08001f74                __retarget_lock_acquire_recursive
 .text.__retarget_lock_release_recursive
                0x08001f78        0x4 f:/my_app/sysgcc/arm-eabi/bin/../lib/gcc/arm-none-eabi/12.3.1/thumb/v7-m/nofp\libg.a(libc_a-lock.o)
                0x08001f78                __retarget_lock_release_recursive
 .text.startup.register_fini
                0x08001f7c       0x14 f:/my_app/sysgcc/arm-eabi/bin/../lib/gcc/arm-none-eabi/12.3.1/thumb/v7-m/nofp\libg.a(libc_a-__call_atexit.o)
 .text.atexit   0x08001f90        0xc f:/my_app/sysgcc/arm-eabi/bin/../lib/gcc/arm-none-eabi/12.3.1/thumb/v7-m/nofp\libg.a(libc_a-atexit.o)
                0x08001f90                atexit
 .text.__libc_fini_array
                0x08001f9c       0x28 f:/my_app/sysgcc/arm-eabi/bin/../lib/gcc/arm-none-eabi/12.3.1/thumb/v7-m/nofp\libg.a(libc_a-fini.o)
                0x08001f9c                __libc_fini_array
 .text.__register_exitproc
                0x08001fc4       0x80 f:/my_app/sysgcc/arm-eabi/bin/../lib/gcc/arm-none-eabi/12.3.1/thumb/v7-m/nofp\libg.a(libc_a-__atexit.o)
                0x08001fc4                __register_exitproc
 .text.__errno  0x08002044        0xc f:/my_app/sysgcc/arm-eabi/bin/../lib/gcc/arm-none-eabi/12.3.1/thumb/v7-m/nofp\libg.a(libc_a-errno.o)
                0x08002044                __errno
 .text.sqrt     0x08002050       0x50 f:/my_app/sysgcc/arm-eabi/bin/../lib/gcc/arm-none-eabi/12.3.1/thumb/v7-m/nofp\libm.a(libm_a-w_sqrt.o)
                0x08002050                sqrt
 .text.__ieee754_sqrt
                0x080020a0      0x1dc f:/my_app/sysgcc/arm-eabi/bin/../lib/gcc/arm-none-eabi/12.3.1/thumb/v7-m/nofp\libm.a(libm_a-e_sqrt.o)
                0x080020a0                __ieee754_sqrt
 *(.glue_7)
 .glue_7        0x0800227c        0x0 linker stubs
 *(.glue_7t)
 .glue_7t       0x0800227c        0x0 linker stubs
 *(.eh_frame)
 .eh_frame      0x0800227c        0x0 f:/my_app/sysgcc/arm-eabi/bin/../lib/gcc/arm-none-eabi/12.3.1/thumb/v7-m/nofp/crtbegin.o
 *(.init)
 .init          0x0800227c        0x4 f:/my_app/sysgcc/arm-eabi/bin/../lib/gcc/arm-none-eabi/12.3.1/thumb/v7-m/nofp/crti.o
                0x0800227c                _init
 .init          0x08002280        0x8 f:/my_app/sysgcc/arm-eabi/bin/../lib/gcc/arm-none-eabi/12.3.1/thumb/v7-m/nofp/crtn.o
 *(.fini)
 .fini          0x08002288        0x4 f:/my_app/sysgcc/arm-eabi/bin/../lib/gcc/arm-none-eabi/12.3.1/thumb/v7-m/nofp/crti.o
                0x08002288                _fini
 .fini          0x0800228c        0x8 f:/my_app/sysgcc/arm-eabi/bin/../lib/gcc/arm-none-eabi/12.3.1/thumb/v7-m/nofp/crtn.o
                0x08002294                        . = ALIGN (0x4)
                0x08002294                        _etext = .

.vfp11_veneer   0x08002294        0x0
 .vfp11_veneer  0x08002294        0x0 linker stubs

.v4_bx          0x08002294        0x0
 .v4_bx         0x08002294        0x0 linker stubs

.iplt           0x08002294        0x0
 .iplt          0x08002294        0x0 f:/my_app/sysgcc/arm-eabi/bin/../lib/gcc/arm-none-eabi/12.3.1/thumb/v7-m/nofp/crtbegin.o

.rodata         0x08002294       0x20
                0x08002294                        . = ALIGN (0x4)
 *(.rodata)
 *(.rodata*)
 .rodata.Cathode_List
                0x08002294       0x10 CMakeFiles/Example.elf.dir/Core/Src/Nixie.c.obj
 .rodata.Anode_List
                0x080022a4       0x10 CMakeFiles/Example.elf.dir/Core/Src/Nixie.c.obj
                0x080022b4                        . = ALIGN (0x4)

.rel.dyn        0x080022b4        0x0
 .rel.iplt      0x080022b4        0x0 f:/my_app/sysgcc/arm-eabi/bin/../lib/gcc/arm-none-eabi/12.3.1/thumb/v7-m/nofp/crtbegin.o

.ARM.extab      0x080022b4        0x0
                0x080022b4                        . = ALIGN (0x4)
 *(.ARM.extab* .gnu.linkonce.armextab.*)
                0x080022b4                        . = ALIGN (0x4)

.ARM            0x080022b4        0x0
                0x080022b4                        . = ALIGN (0x4)
                0x080022b4                        __exidx_start = .
 *(.ARM.exidx*)
                0x080022b4                        __exidx_end = .
                0x080022b4                        . = ALIGN (0x4)

.preinit_array  0x080022b4        0x0
                0x080022b4                        . = ALIGN (0x4)
                0x080022b4                        PROVIDE (__preinit_array_start = .)
 *(.preinit_array*)
                0x080022b4                        PROVIDE (__preinit_array_end = .)
                0x080022b4                        . = ALIGN (0x4)

.init_array     0x080022b4        0x8
                0x080022b4                        . = ALIGN (0x4)
                0x080022b4                        PROVIDE (__init_array_start = .)
 *(SORT_BY_NAME(.init_array.*))
 .init_array.00000
                0x080022b4        0x4 f:/my_app/sysgcc/arm-eabi/bin/../lib/gcc/arm-none-eabi/12.3.1/thumb/v7-m/nofp\libg.a(libc_a-__call_atexit.o)
 *(.init_array*)
 .init_array    0x080022b8        0x4 f:/my_app/sysgcc/arm-eabi/bin/../lib/gcc/arm-none-eabi/12.3.1/thumb/v7-m/nofp/crtbegin.o
                0x080022bc                        PROVIDE (__init_array_end = .)
                0x080022bc                        . = ALIGN (0x4)

.fini_array     0x080022bc        0x4
                0x080022bc                        . = ALIGN (0x4)
                0x080022bc                        PROVIDE (__fini_array_start = .)
 *(SORT_BY_NAME(.fini_array.*))
 *(.fini_array*)
 .fini_array    0x080022bc        0x4 f:/my_app/sysgcc/arm-eabi/bin/../lib/gcc/arm-none-eabi/12.3.1/thumb/v7-m/nofp/crtbegin.o
                0x080022c0                        PROVIDE (__fini_array_end = .)
                0x080022c0                        . = ALIGN (0x4)
                0x080022c0                        _sidata = LOADADDR (.data)

.data           0x20000000      0x140 load address 0x080022c0
                0x20000000                        . = ALIGN (0x4)
                0x20000000                        _sdata = .
 *(.data)
 *(.data*)
 .data._impure_ptr
                0x20000000        0x4 f:/my_app/sysgcc/arm-eabi/bin/../lib/gcc/arm-none-eabi/12.3.1/thumb/v7-m/nofp\libg.a(libc_a-impure.o)
                0x20000000                _impure_ptr
 *fill*         0x20000004        0x4 
 .data._impure_data
                0x20000008      0x120 f:/my_app/sysgcc/arm-eabi/bin/../lib/gcc/arm-none-eabi/12.3.1/thumb/v7-m/nofp\libg.a(libc_a-impure.o)
                0x20000008                _impure_data
 .data.__atexit_recursive_mutex
                0x20000128        0x4 f:/my_app/sysgcc/arm-eabi/bin/../lib/gcc/arm-none-eabi/12.3.1/thumb/v7-m/nofp\libg.a(libc_a-__call_atexit.o)
                0x20000128                __atexit_recursive_mutex
 *fill*         0x2000012c        0x4 
 .data.tiny     0x20000130        0x8 f:/my_app/sysgcc/arm-eabi/bin/../lib/gcc/arm-none-eabi/12.3.1/thumb/v7-m/nofp\libm.a(libm_a-e_sqrt.o)
 .data.one      0x20000138        0x8 f:/my_app/sysgcc/arm-eabi/bin/../lib/gcc/arm-none-eabi/12.3.1/thumb/v7-m/nofp\libm.a(libm_a-e_sqrt.o)
                0x20000140                        . = ALIGN (0x4)
                0x20000140                        _edata = .

.tm_clone_table
                0x20000140        0x0 load address 0x08002400
 .tm_clone_table
                0x20000140        0x0 f:/my_app/sysgcc/arm-eabi/bin/../lib/gcc/arm-none-eabi/12.3.1/thumb/v7-m/nofp/crtbegin.o
 .tm_clone_table
                0x20000140        0x0 f:/my_app/sysgcc/arm-eabi/bin/../lib/gcc/arm-none-eabi/12.3.1/thumb/v7-m/nofp/crtend.o

.igot.plt       0x20000140        0x0 load address 0x08002400
 .igot.plt      0x20000140        0x0 f:/my_app/sysgcc/arm-eabi/bin/../lib/gcc/arm-none-eabi/12.3.1/thumb/v7-m/nofp/crtbegin.o
                0x20000140                        . = ALIGN (0x4)

.bss            0x20000140      0x3d0 load address 0x08002400
                0x20000140                        _sbss = .
                0x20000140                        __bss_start__ = _sbss
 *(.bss)
 *(.bss*)
 .bss.completed.1
                0x20000140        0x1 f:/my_app/sysgcc/arm-eabi/bin/../lib/gcc/arm-none-eabi/12.3.1/thumb/v7-m/nofp/crtbegin.o
 *fill*         0x20000141        0x3 
 .bss.object.0  0x20000144       0x18 f:/my_app/sysgcc/arm-eabi/bin/../lib/gcc/arm-none-eabi/12.3.1/thumb/v7-m/nofp/crtbegin.o
 .bss.mean.0    0x2000015c        0x4 CMakeFiles/Example.elf.dir/Core/Src/HCSR04.c.obj
 .bss.sd.1      0x20000160        0x4 CMakeFiles/Example.elf.dir/Core/Src/HCSR04.c.obj
 .bss.Test_sum.2
                0x20000164        0x4 CMakeFiles/Example.elf.dir/Core/Src/HCSR04.c.obj
 .bss.Sum.3     0x20000168        0x4 CMakeFiles/Example.elf.dir/Core/Src/HCSR04.c.obj
 .bss.Data.4    0x2000016c       0xc8 CMakeFiles/Example.elf.dir/Core/Src/HCSR04.c.obj
 .bss.Step.5    0x20000234        0x2 CMakeFiles/Example.elf.dir/Core/Src/HCSR04.c.obj
 .bss.Sendflag  0x20000236        0x1 CMakeFiles/Example.elf.dir/Core/Src/HCSR04.c.obj
                0x20000236                Sendflag
 .bss.RunFlag   0x20000237        0x1 CMakeFiles/Example.elf.dir/Core/Src/HCSR04.c.obj
                0x20000237                RunFlag
 .bss.mscount   0x20000238        0x2 CMakeFiles/Example.elf.dir/Core/Src/HCSR04.c.obj
                0x20000238                mscount
 .bss.count.0   0x2000023a        0x2 CMakeFiles/Example.elf.dir/Core/Src/Timer.c.obj
 .bss.Interval  0x2000023c        0x2 CMakeFiles/Example.elf.dir/Core/Src/Timer.c.obj
                0x2000023c                Interval
 .bss.GetFlag   0x2000023e        0x1 CMakeFiles/Example.elf.dir/Core/Src/Timer.c.obj
                0x2000023e                GetFlag
 .bss.ReadyFlag
                0x2000023f        0x1 CMakeFiles/Example.elf.dir/Core/Src/gpio.c.obj
                0x2000023f                ReadyFlag
 .bss.__sf      0x20000240      0x138 f:/my_app/sysgcc/arm-eabi/bin/../lib/gcc/arm-none-eabi/12.3.1/thumb/v7-m/nofp\libg.a(libc_a-findfp.o)
                0x20000240                __sf
 .bss.__lock___atexit_recursive_mutex
                0x20000378        0x1 f:/my_app/sysgcc/arm-eabi/bin/../lib/gcc/arm-none-eabi/12.3.1/thumb/v7-m/nofp\libg.a(libc_a-lock.o)
                0x20000378                __lock___atexit_recursive_mutex
 *fill*         0x20000379        0x3 
 .bss.__atexit  0x2000037c        0x4 f:/my_app/sysgcc/arm-eabi/bin/../lib/gcc/arm-none-eabi/12.3.1/thumb/v7-m/nofp\libg.a(libc_a-__call_atexit.o)
                0x2000037c                __atexit
 .bss.__atexit0
                0x20000380      0x190 f:/my_app/sysgcc/arm-eabi/bin/../lib/gcc/arm-none-eabi/12.3.1/thumb/v7-m/nofp\libg.a(libc_a-__atexit.o)
                0x20000380                __atexit0
 https://stackoverflow.com/questions/16835716/bss-vs-common-what-goes-where()
 */()
 *(COMMON)
                0x20000510                        . = ALIGN (0x4)
                0x20000510                        _ebss = .
                0x20000510                        __bss_end__ = _ebss

._user_heap_stack
                0x20000510      0x600 load address 0x08002400
                0x20000510                        . = ALIGN (0x8)
                [!provide]                        PROVIDE (end = .)
                [!provide]                        PROVIDE (_end = .)
                0x20000710                        . = (. + _Min_Heap_Size)
 *fill*         0x20000510      0x200 
                0x20000b10                        . = (. + _Min_Stack_Size)
 *fill*         0x20000710      0x400 
                0x20000b10                        . = ALIGN (0x8)

/DISCARD/
 libc.a(*)
 libm.a(*)
 libgcc.a(*)

.ARM.attributes
                0x00000000       0x29
 *(.ARM.attributes)
 .ARM.attributes
                0x00000000       0x1d f:/my_app/sysgcc/arm-eabi/bin/../lib/gcc/arm-none-eabi/12.3.1/thumb/v7-m/nofp/crti.o
 .ARM.attributes
                0x0000001d       0x2d f:/my_app/sysgcc/arm-eabi/bin/../lib/gcc/arm-none-eabi/12.3.1/thumb/v7-m/nofp/crtbegin.o
 .ARM.attributes
                0x0000004a       0x29 CMakeFiles/Example.elf.dir/Core/Src/74hc595.c.obj
 .ARM.attributes
                0x00000073       0x29 CMakeFiles/Example.elf.dir/Core/Src/HCSR04.c.obj
 .ARM.attributes
                0x0000009c       0x29 CMakeFiles/Example.elf.dir/Core/Src/Nixie.c.obj
 .ARM.attributes
                0x000000c5       0x29 CMakeFiles/Example.elf.dir/Core/Src/Timer.c.obj
 .ARM.attributes
                0x000000ee       0x29 CMakeFiles/Example.elf.dir/Core/Src/delay.c.obj
 .ARM.attributes
                0x00000117       0x29 CMakeFiles/Example.elf.dir/Core/Src/gpio.c.obj
 .ARM.attributes
                0x00000140       0x29 CMakeFiles/Example.elf.dir/Core/Src/main.c.obj
 .ARM.attributes
                0x00000169       0x29 CMakeFiles/Example.elf.dir/Core/Src/stm32f10x_it.c.obj
 .ARM.attributes
                0x00000192       0x21 CMakeFiles/Example.elf.dir/Core/Startup/startup_stm32f10x_md.s.obj
 .ARM.attributes
                0x000001b3       0x29 CMakeFiles/Example.elf.dir/Drivers/Src/misc.c.obj
 .ARM.attributes
                0x000001dc       0x29 CMakeFiles/Example.elf.dir/Drivers/Src/stm32f10x_exti.c.obj
 .ARM.attributes
                0x00000205       0x29 CMakeFiles/Example.elf.dir/Drivers/Src/stm32f10x_gpio.c.obj
 .ARM.attributes
                0x0000022e       0x29 CMakeFiles/Example.elf.dir/Drivers/Src/stm32f10x_rcc.c.obj
 .ARM.attributes
                0x00000257       0x29 CMakeFiles/Example.elf.dir/Drivers/Src/stm32f10x_tim.c.obj
 .ARM.attributes
                0x00000280       0x29 CMakeFiles/Example.elf.dir/Drivers/Src/system_stm32f10x.c.obj
 .ARM.attributes
                0x000002a9       0x1d f:/my_app/sysgcc/arm-eabi/bin/../lib/gcc/arm-none-eabi/12.3.1/thumb/v7-m/nofp\libgcc.a(_arm_addsubdf3.o)
 .ARM.attributes
                0x000002c6       0x1d f:/my_app/sysgcc/arm-eabi/bin/../lib/gcc/arm-none-eabi/12.3.1/thumb/v7-m/nofp\libgcc.a(_arm_truncdfsf2.o)
 .ARM.attributes
                0x000002e3       0x1d f:/my_app/sysgcc/arm-eabi/bin/../lib/gcc/arm-none-eabi/12.3.1/thumb/v7-m/nofp\libgcc.a(_arm_addsubsf3.o)
 .ARM.attributes
                0x00000300       0x1d f:/my_app/sysgcc/arm-eabi/bin/../lib/gcc/arm-none-eabi/12.3.1/thumb/v7-m/nofp\libgcc.a(_arm_muldivsf3.o)
 .ARM.attributes
                0x0000031d       0x1d f:/my_app/sysgcc/arm-eabi/bin/../lib/gcc/arm-none-eabi/12.3.1/thumb/v7-m/nofp\libgcc.a(_arm_cmpsf2.o)
 .ARM.attributes
                0x0000033a       0x1d f:/my_app/sysgcc/arm-eabi/bin/../lib/gcc/arm-none-eabi/12.3.1/thumb/v7-m/nofp\libgcc.a(_arm_fixunssfsi.o)
 .ARM.attributes
                0x00000357       0x2d f:/my_app/sysgcc/arm-eabi/bin/../lib/gcc/arm-none-eabi/12.3.1/thumb/v7-m/nofp\libg.a(libc_a-findfp.o)
 .ARM.attributes
                0x00000384       0x2d f:/my_app/sysgcc/arm-eabi/bin/../lib/gcc/arm-none-eabi/12.3.1/thumb/v7-m/nofp\libg.a(libc_a-impure.o)
 .ARM.attributes
                0x000003b1       0x2d f:/my_app/sysgcc/arm-eabi/bin/../lib/gcc/arm-none-eabi/12.3.1/thumb/v7-m/nofp\libg.a(libc_a-init.o)
 .ARM.attributes
                0x000003de       0x2d f:/my_app/sysgcc/arm-eabi/bin/../lib/gcc/arm-none-eabi/12.3.1/thumb/v7-m/nofp\libg.a(libc_a-lock.o)
 .ARM.attributes
                0x0000040b       0x2d f:/my_app/sysgcc/arm-eabi/bin/../lib/gcc/arm-none-eabi/12.3.1/thumb/v7-m/nofp\libg.a(libc_a-__call_atexit.o)
 .ARM.attributes
                0x00000438       0x2d f:/my_app/sysgcc/arm-eabi/bin/../lib/gcc/arm-none-eabi/12.3.1/thumb/v7-m/nofp\libg.a(libc_a-atexit.o)
 .ARM.attributes
                0x00000465       0x2d f:/my_app/sysgcc/arm-eabi/bin/../lib/gcc/arm-none-eabi/12.3.1/thumb/v7-m/nofp\libg.a(libc_a-fini.o)
 .ARM.attributes
                0x00000492       0x2d f:/my_app/sysgcc/arm-eabi/bin/../lib/gcc/arm-none-eabi/12.3.1/thumb/v7-m/nofp\libg.a(libc_a-__atexit.o)
 .ARM.attributes
                0x000004bf       0x2d f:/my_app/sysgcc/arm-eabi/bin/../lib/gcc/arm-none-eabi/12.3.1/thumb/v7-m/nofp\libg.a(libc_a-errno.o)
 .ARM.attributes
                0x000004ec       0x2d f:/my_app/sysgcc/arm-eabi/bin/../lib/gcc/arm-none-eabi/12.3.1/thumb/v7-m/nofp/crtend.o
 .ARM.attributes
                0x00000519       0x1d f:/my_app/sysgcc/arm-eabi/bin/../lib/gcc/arm-none-eabi/12.3.1/thumb/v7-m/nofp/crtn.o
 .ARM.attributes
                0x00000536       0x2d f:/my_app/sysgcc/arm-eabi/bin/../lib/gcc/arm-none-eabi/12.3.1/thumb/v7-m/nofp\libm.a(libm_a-w_sqrt.o)
 .ARM.attributes
                0x00000563       0x2d f:/my_app/sysgcc/arm-eabi/bin/../lib/gcc/arm-none-eabi/12.3.1/thumb/v7-m/nofp\libm.a(libm_a-e_sqrt.o)
 .ARM.attributes
                0x00000590       0x1d f:/my_app/sysgcc/arm-eabi/bin/../lib/gcc/arm-none-eabi/12.3.1/thumb/v7-m/nofp\libgcc.a(_arm_muldivdf3.o)
 .ARM.attributes
                0x000005ad       0x1d f:/my_app/sysgcc/arm-eabi/bin/../lib/gcc/arm-none-eabi/12.3.1/thumb/v7-m/nofp\libgcc.a(_arm_cmpdf2.o)
 .ARM.attributes
                0x000005ca       0x1d f:/my_app/sysgcc/arm-eabi/bin/../lib/gcc/arm-none-eabi/12.3.1/thumb/v7-m/nofp\libgcc.a(_arm_unorddf2.o)
OUTPUT(Example.elf elf32-littlearm)
LOAD linker stubs
LOAD f:/my_app/sysgcc/arm-eabi/bin/../lib/gcc/arm-none-eabi/12.3.1/thumb/v7-m/nofp\libc.a
LOAD f:/my_app/sysgcc/arm-eabi/bin/../lib/gcc/arm-none-eabi/12.3.1/thumb/v7-m/nofp\libm.a
LOAD f:/my_app/sysgcc/arm-eabi/bin/../lib/gcc/arm-none-eabi/12.3.1/thumb/v7-m/nofp\libgcc.a

.debug_info     0x00000000     0x7605
 .debug_info    0x00000000      0x3a8 CMakeFiles/Example.elf.dir/Core/Src/74hc595.c.obj
 .debug_info    0x000003a8      0xa90 CMakeFiles/Example.elf.dir/Core/Src/HCSR04.c.obj
 .debug_info    0x00000e38      0x48f CMakeFiles/Example.elf.dir/Core/Src/Nixie.c.obj
 .debug_info    0x000012c7      0xfa1 CMakeFiles/Example.elf.dir/Core/Src/Timer.c.obj
 .debug_info    0x00002268      0x1bd CMakeFiles/Example.elf.dir/Core/Src/delay.c.obj
 .debug_info    0x00002425      0x922 CMakeFiles/Example.elf.dir/Core/Src/gpio.c.obj
 .debug_info    0x00002d47      0x1b3 CMakeFiles/Example.elf.dir/Core/Src/main.c.obj
 .debug_info    0x00002efa       0xdd CMakeFiles/Example.elf.dir/Core/Src/stm32f10x_it.c.obj
 .debug_info    0x00002fd7       0x30 CMakeFiles/Example.elf.dir/Core/Startup/startup_stm32f10x_md.s.obj
 .debug_info    0x00003007      0x4ee CMakeFiles/Example.elf.dir/Drivers/Src/misc.c.obj
 .debug_info    0x000034f5      0x33b CMakeFiles/Example.elf.dir/Drivers/Src/stm32f10x_exti.c.obj
 .debug_info    0x00003830      0x8be CMakeFiles/Example.elf.dir/Drivers/Src/stm32f10x_gpio.c.obj
 .debug_info    0x000040ee      0x94f CMakeFiles/Example.elf.dir/Drivers/Src/stm32f10x_rcc.c.obj
 .debug_info    0x00004a3d     0x2782 CMakeFiles/Example.elf.dir/Drivers/Src/stm32f10x_tim.c.obj
 .debug_info    0x000071bf      0x446 CMakeFiles/Example.elf.dir/Drivers/Src/system_stm32f10x.c.obj

.debug_abbrev   0x00000000     0x1b2d
 .debug_abbrev  0x00000000      0x165 CMakeFiles/Example.elf.dir/Core/Src/74hc595.c.obj
 .debug_abbrev  0x00000165      0x2de CMakeFiles/Example.elf.dir/Core/Src/HCSR04.c.obj
 .debug_abbrev  0x00000443      0x1c6 CMakeFiles/Example.elf.dir/Core/Src/Nixie.c.obj
 .debug_abbrev  0x00000609      0x2ad CMakeFiles/Example.elf.dir/Core/Src/Timer.c.obj
 .debug_abbrev  0x000008b6      0x133 CMakeFiles/Example.elf.dir/Core/Src/delay.c.obj
 .debug_abbrev  0x000009e9      0x207 CMakeFiles/Example.elf.dir/Core/Src/gpio.c.obj
 .debug_abbrev  0x00000bf0       0xfa CMakeFiles/Example.elf.dir/Core/Src/main.c.obj
 .debug_abbrev  0x00000cea       0x7a CMakeFiles/Example.elf.dir/Core/Src/stm32f10x_it.c.obj
 .debug_abbrev  0x00000d64       0x24 CMakeFiles/Example.elf.dir/Core/Startup/startup_stm32f10x_md.s.obj
 .debug_abbrev  0x00000d88      0x1a4 CMakeFiles/Example.elf.dir/Drivers/Src/misc.c.obj
 .debug_abbrev  0x00000f2c      0x1e3 CMakeFiles/Example.elf.dir/Drivers/Src/stm32f10x_exti.c.obj
 .debug_abbrev  0x0000110f      0x261 CMakeFiles/Example.elf.dir/Drivers/Src/stm32f10x_gpio.c.obj
 .debug_abbrev  0x00001370      0x29e CMakeFiles/Example.elf.dir/Drivers/Src/stm32f10x_rcc.c.obj
 .debug_abbrev  0x0000160e      0x334 CMakeFiles/Example.elf.dir/Drivers/Src/stm32f10x_tim.c.obj
 .debug_abbrev  0x00001942      0x1eb CMakeFiles/Example.elf.dir/Drivers/Src/system_stm32f10x.c.obj

.debug_loclists
                0x00000000     0x34e2
 .debug_loclists
                0x00000000       0x33 CMakeFiles/Example.elf.dir/Core/Src/74hc595.c.obj
 .debug_loclists
                0x00000033      0x30e CMakeFiles/Example.elf.dir/Core/Src/HCSR04.c.obj
 .debug_loclists
                0x00000341       0xaa CMakeFiles/Example.elf.dir/Core/Src/Nixie.c.obj
 .debug_loclists
                0x000003eb      0x36a CMakeFiles/Example.elf.dir/Core/Src/Timer.c.obj
 .debug_loclists
                0x00000755       0xbe CMakeFiles/Example.elf.dir/Core/Src/delay.c.obj
 .debug_loclists
                0x00000813       0xe1 CMakeFiles/Example.elf.dir/Drivers/Src/misc.c.obj
 .debug_loclists
                0x000008f4      0x14d CMakeFiles/Example.elf.dir/Drivers/Src/stm32f10x_exti.c.obj
 .debug_loclists
                0x00000a41     0x10b5 CMakeFiles/Example.elf.dir/Drivers/Src/stm32f10x_gpio.c.obj
 .debug_loclists
                0x00001af6      0x363 CMakeFiles/Example.elf.dir/Drivers/Src/stm32f10x_rcc.c.obj
 .debug_loclists
                0x00001e59     0x15fb CMakeFiles/Example.elf.dir/Drivers/Src/stm32f10x_tim.c.obj
 .debug_loclists
                0x00003454       0x8e CMakeFiles/Example.elf.dir/Drivers/Src/system_stm32f10x.c.obj

.debug_aranges  0x00000000      0x738
 .debug_aranges
                0x00000000       0x30 CMakeFiles/Example.elf.dir/Core/Src/74hc595.c.obj
 .debug_aranges
                0x00000030       0x48 CMakeFiles/Example.elf.dir/Core/Src/HCSR04.c.obj
 .debug_aranges
                0x00000078       0x28 CMakeFiles/Example.elf.dir/Core/Src/Nixie.c.obj
 .debug_aranges
                0x000000a0       0x48 CMakeFiles/Example.elf.dir/Core/Src/Timer.c.obj
 .debug_aranges
                0x000000e8       0x30 CMakeFiles/Example.elf.dir/Core/Src/delay.c.obj
 .debug_aranges
                0x00000118       0x28 CMakeFiles/Example.elf.dir/Core/Src/gpio.c.obj
 .debug_aranges
                0x00000140       0x20 CMakeFiles/Example.elf.dir/Core/Src/main.c.obj
 .debug_aranges
                0x00000160       0x60 CMakeFiles/Example.elf.dir/Core/Src/stm32f10x_it.c.obj
 .debug_aranges
                0x000001c0       0x28 CMakeFiles/Example.elf.dir/Core/Startup/startup_stm32f10x_md.s.obj
 .debug_aranges
                0x000001e8       0x40 CMakeFiles/Example.elf.dir/Drivers/Src/misc.c.obj
 .debug_aranges
                0x00000228       0x58 CMakeFiles/Example.elf.dir/Drivers/Src/stm32f10x_exti.c.obj
 .debug_aranges
                0x00000280       0xa8 CMakeFiles/Example.elf.dir/Drivers/Src/stm32f10x_gpio.c.obj
 .debug_aranges
                0x00000328      0x118 CMakeFiles/Example.elf.dir/Drivers/Src/stm32f10x_rcc.c.obj
 .debug_aranges
                0x00000440      0x2d0 CMakeFiles/Example.elf.dir/Drivers/Src/stm32f10x_tim.c.obj
 .debug_aranges
                0x00000710       0x28 CMakeFiles/Example.elf.dir/Drivers/Src/system_stm32f10x.c.obj

.debug_rnglists
                0x00000000      0x6c3
 .debug_rnglists
                0x00000000       0x2b CMakeFiles/Example.elf.dir/Core/Src/74hc595.c.obj
 .debug_rnglists
                0x0000002b       0x5a CMakeFiles/Example.elf.dir/Core/Src/HCSR04.c.obj
 .debug_rnglists
                0x00000085       0x3e CMakeFiles/Example.elf.dir/Core/Src/Nixie.c.obj
 .debug_rnglists
                0x000000c3       0x67 CMakeFiles/Example.elf.dir/Core/Src/Timer.c.obj
 .debug_rnglists
                0x0000012a       0x49 CMakeFiles/Example.elf.dir/Core/Src/delay.c.obj
 .debug_rnglists
                0x00000173       0x1a CMakeFiles/Example.elf.dir/Core/Src/gpio.c.obj
 .debug_rnglists
                0x0000018d       0x13 CMakeFiles/Example.elf.dir/Core/Src/main.c.obj
 .debug_rnglists
                0x000001a0       0x43 CMakeFiles/Example.elf.dir/Core/Src/stm32f10x_it.c.obj
 .debug_rnglists
                0x000001e3       0x19 CMakeFiles/Example.elf.dir/Core/Startup/startup_stm32f10x_md.s.obj
 .debug_rnglists
                0x000001fc       0x2b CMakeFiles/Example.elf.dir/Drivers/Src/misc.c.obj
 .debug_rnglists
                0x00000227       0x3d CMakeFiles/Example.elf.dir/Drivers/Src/stm32f10x_exti.c.obj
 .debug_rnglists
                0x00000264       0x7b CMakeFiles/Example.elf.dir/Drivers/Src/stm32f10x_gpio.c.obj
 .debug_rnglists
                0x000002df       0xe0 CMakeFiles/Example.elf.dir/Drivers/Src/stm32f10x_rcc.c.obj
 .debug_rnglists
                0x000003bf      0x2d9 CMakeFiles/Example.elf.dir/Drivers/Src/stm32f10x_tim.c.obj
 .debug_rnglists
                0x00000698       0x2b CMakeFiles/Example.elf.dir/Drivers/Src/system_stm32f10x.c.obj

.debug_line     0x00000000     0x5a64
 .debug_line    0x00000000      0x275 CMakeFiles/Example.elf.dir/Core/Src/74hc595.c.obj
 .debug_line    0x00000275      0x63e CMakeFiles/Example.elf.dir/Core/Src/HCSR04.c.obj
 .debug_line    0x000008b3      0x26a CMakeFiles/Example.elf.dir/Core/Src/Nixie.c.obj
 .debug_line    0x00000b1d      0x48f CMakeFiles/Example.elf.dir/Core/Src/Timer.c.obj
 .debug_line    0x00000fac      0x290 CMakeFiles/Example.elf.dir/Core/Src/delay.c.obj
 .debug_line    0x0000123c      0x26f CMakeFiles/Example.elf.dir/Core/Src/gpio.c.obj
 .debug_line    0x000014ab      0x197 CMakeFiles/Example.elf.dir/Core/Src/main.c.obj
 .debug_line    0x00001642      0x156 CMakeFiles/Example.elf.dir/Core/Src/stm32f10x_it.c.obj
 .debug_line    0x00001798       0x78 CMakeFiles/Example.elf.dir/Core/Startup/startup_stm32f10x_md.s.obj
 .debug_line    0x00001810      0x29b CMakeFiles/Example.elf.dir/Drivers/Src/misc.c.obj
 .debug_line    0x00001aab      0x34c CMakeFiles/Example.elf.dir/Drivers/Src/stm32f10x_exti.c.obj
 .debug_line    0x00001df7      0xf7d CMakeFiles/Example.elf.dir/Drivers/Src/stm32f10x_gpio.c.obj
 .debug_line    0x00002d74      0x92b CMakeFiles/Example.elf.dir/Drivers/Src/stm32f10x_rcc.c.obj
 .debug_line    0x0000369f     0x2026 CMakeFiles/Example.elf.dir/Drivers/Src/stm32f10x_tim.c.obj
 .debug_line    0x000056c5      0x39f CMakeFiles/Example.elf.dir/Drivers/Src/system_stm32f10x.c.obj

.debug_str      0x00000000     0x22ee
 .debug_str     0x00000000      0x231 CMakeFiles/Example.elf.dir/Core/Src/74hc595.c.obj
                                0x27f (size before relaxing)
 .debug_str     0x00000231      0x319 CMakeFiles/Example.elf.dir/Core/Src/HCSR04.c.obj
                                0x527 (size before relaxing)
 .debug_str     0x0000054a       0x7a CMakeFiles/Example.elf.dir/Core/Src/Nixie.c.obj
                                0x259 (size before relaxing)
 .debug_str     0x000005c4      0x55e CMakeFiles/Example.elf.dir/Core/Src/Timer.c.obj
                                0x86c (size before relaxing)
 .debug_str     0x00000b22       0x6e CMakeFiles/Example.elf.dir/Core/Src/delay.c.obj
                                0x20a (size before relaxing)
 .debug_str     0x00000b90      0x2d6 CMakeFiles/Example.elf.dir/Core/Src/gpio.c.obj
                                0x97a (size before relaxing)
 .debug_str     0x00000e66       0x44 CMakeFiles/Example.elf.dir/Core/Src/main.c.obj
                                0x25b (size before relaxing)
 .debug_str     0x00000eaa       0xd7 CMakeFiles/Example.elf.dir/Core/Src/stm32f10x_it.c.obj
                                0x256 (size before relaxing)
 .debug_str     0x00000f81       0x6f CMakeFiles/Example.elf.dir/Core/Startup/startup_stm32f10x_md.s.obj
                                 0xb0 (size before relaxing)
 .debug_str     0x00000ff0      0x161 CMakeFiles/Example.elf.dir/Drivers/Src/misc.c.obj
                                0x421 (size before relaxing)
 .debug_str     0x00001151       0xd7 CMakeFiles/Example.elf.dir/Drivers/Src/stm32f10x_exti.c.obj
                                0x3b2 (size before relaxing)
 .debug_str     0x00001228      0x20d CMakeFiles/Example.elf.dir/Drivers/Src/stm32f10x_gpio.c.obj
                                0x599 (size before relaxing)
 .debug_str     0x00001435      0x417 CMakeFiles/Example.elf.dir/Drivers/Src/stm32f10x_rcc.c.obj
                                0x683 (size before relaxing)
 .debug_str     0x0000184c      0x9e3 CMakeFiles/Example.elf.dir/Drivers/Src/stm32f10x_tim.c.obj
                                0xe74 (size before relaxing)
 .debug_str     0x0000222f       0xbf CMakeFiles/Example.elf.dir/Drivers/Src/system_stm32f10x.c.obj
                                0x349 (size before relaxing)

.comment        0x00000000       0x45
 .comment       0x00000000       0x45 CMakeFiles/Example.elf.dir/Core/Src/74hc595.c.obj
                                 0x46 (size before relaxing)
 .comment       0x00000045       0x46 CMakeFiles/Example.elf.dir/Core/Src/HCSR04.c.obj
 .comment       0x00000045       0x46 CMakeFiles/Example.elf.dir/Core/Src/Nixie.c.obj
 .comment       0x00000045       0x46 CMakeFiles/Example.elf.dir/Core/Src/Timer.c.obj
 .comment       0x00000045       0x46 CMakeFiles/Example.elf.dir/Core/Src/delay.c.obj
 .comment       0x00000045       0x46 CMakeFiles/Example.elf.dir/Core/Src/gpio.c.obj
 .comment       0x00000045       0x46 CMakeFiles/Example.elf.dir/Core/Src/main.c.obj
 .comment       0x00000045       0x46 CMakeFiles/Example.elf.dir/Core/Src/stm32f10x_it.c.obj
 .comment       0x00000045       0x46 CMakeFiles/Example.elf.dir/Drivers/Src/misc.c.obj
 .comment       0x00000045       0x46 CMakeFiles/Example.elf.dir/Drivers/Src/stm32f10x_exti.c.obj
 .comment       0x00000045       0x46 CMakeFiles/Example.elf.dir/Drivers/Src/stm32f10x_gpio.c.obj
 .comment       0x00000045       0x46 CMakeFiles/Example.elf.dir/Drivers/Src/stm32f10x_rcc.c.obj
 .comment       0x00000045       0x46 CMakeFiles/Example.elf.dir/Drivers/Src/stm32f10x_tim.c.obj
 .comment       0x00000045       0x46 CMakeFiles/Example.elf.dir/Drivers/Src/system_stm32f10x.c.obj

.debug_frame    0x00000000     0x16c0
 .debug_frame   0x00000000       0x6c CMakeFiles/Example.elf.dir/Core/Src/74hc595.c.obj
 .debug_frame   0x0000006c       0xd8 CMakeFiles/Example.elf.dir/Core/Src/HCSR04.c.obj
 .debug_frame   0x00000144       0x78 CMakeFiles/Example.elf.dir/Core/Src/Nixie.c.obj
 .debug_frame   0x000001bc       0xf4 CMakeFiles/Example.elf.dir/Core/Src/Timer.c.obj
 .debug_frame   0x000002b0       0x60 CMakeFiles/Example.elf.dir/Core/Src/delay.c.obj
 .debug_frame   0x00000310       0x50 CMakeFiles/Example.elf.dir/Core/Src/gpio.c.obj
 .debug_frame   0x00000360       0x28 CMakeFiles/Example.elf.dir/Core/Src/main.c.obj
 .debug_frame   0x00000388       0xa0 CMakeFiles/Example.elf.dir/Core/Src/stm32f10x_it.c.obj
 .debug_frame   0x00000428       0x6c CMakeFiles/Example.elf.dir/Drivers/Src/misc.c.obj
 .debug_frame   0x00000494       0xac CMakeFiles/Example.elf.dir/Drivers/Src/stm32f10x_exti.c.obj
 .debug_frame   0x00000540      0x18c CMakeFiles/Example.elf.dir/Drivers/Src/stm32f10x_gpio.c.obj
 .debug_frame   0x000006cc      0x228 CMakeFiles/Example.elf.dir/Drivers/Src/stm32f10x_rcc.c.obj
 .debug_frame   0x000008f4      0x690 CMakeFiles/Example.elf.dir/Drivers/Src/stm32f10x_tim.c.obj
 .debug_frame   0x00000f84       0x44 CMakeFiles/Example.elf.dir/Drivers/Src/system_stm32f10x.c.obj
 .debug_frame   0x00000fc8       0xac f:/my_app/sysgcc/arm-eabi/bin/../lib/gcc/arm-none-eabi/12.3.1/thumb/v7-m/nofp\libgcc.a(_arm_addsubdf3.o)
 .debug_frame   0x00001074       0x24 f:/my_app/sysgcc/arm-eabi/bin/../lib/gcc/arm-none-eabi/12.3.1/thumb/v7-m/nofp\libgcc.a(_arm_truncdfsf2.o)
 .debug_frame   0x00001098       0x4c f:/my_app/sysgcc/arm-eabi/bin/../lib/gcc/arm-none-eabi/12.3.1/thumb/v7-m/nofp\libgcc.a(_arm_addsubsf3.o)
 .debug_frame   0x000010e4       0x38 f:/my_app/sysgcc/arm-eabi/bin/../lib/gcc/arm-none-eabi/12.3.1/thumb/v7-m/nofp\libgcc.a(_arm_muldivsf3.o)
 .debug_frame   0x0000111c       0xc8 f:/my_app/sysgcc/arm-eabi/bin/../lib/gcc/arm-none-eabi/12.3.1/thumb/v7-m/nofp\libgcc.a(_arm_cmpsf2.o)
 .debug_frame   0x000011e4       0x24 f:/my_app/sysgcc/arm-eabi/bin/../lib/gcc/arm-none-eabi/12.3.1/thumb/v7-m/nofp\libgcc.a(_arm_fixunssfsi.o)
 .debug_frame   0x00001208      0x13c f:/my_app/sysgcc/arm-eabi/bin/../lib/gcc/arm-none-eabi/12.3.1/thumb/v7-m/nofp\libg.a(libc_a-findfp.o)
 .debug_frame   0x00001344       0x2c f:/my_app/sysgcc/arm-eabi/bin/../lib/gcc/arm-none-eabi/12.3.1/thumb/v7-m/nofp\libg.a(libc_a-init.o)
 .debug_frame   0x00001370       0xb0 f:/my_app/sysgcc/arm-eabi/bin/../lib/gcc/arm-none-eabi/12.3.1/thumb/v7-m/nofp\libg.a(libc_a-lock.o)
 .debug_frame   0x00001420       0x5c f:/my_app/sysgcc/arm-eabi/bin/../lib/gcc/arm-none-eabi/12.3.1/thumb/v7-m/nofp\libg.a(libc_a-__call_atexit.o)
 .debug_frame   0x0000147c       0x20 f:/my_app/sysgcc/arm-eabi/bin/../lib/gcc/arm-none-eabi/12.3.1/thumb/v7-m/nofp\libg.a(libc_a-atexit.o)
 .debug_frame   0x0000149c       0x34 f:/my_app/sysgcc/arm-eabi/bin/../lib/gcc/arm-none-eabi/12.3.1/thumb/v7-m/nofp\libg.a(libc_a-fini.o)
 .debug_frame   0x000014d0       0x34 f:/my_app/sysgcc/arm-eabi/bin/../lib/gcc/arm-none-eabi/12.3.1/thumb/v7-m/nofp\libg.a(libc_a-__atexit.o)
 .debug_frame   0x00001504       0x20 f:/my_app/sysgcc/arm-eabi/bin/../lib/gcc/arm-none-eabi/12.3.1/thumb/v7-m/nofp\libg.a(libc_a-errno.o)
 .debug_frame   0x00001524       0x30 f:/my_app/sysgcc/arm-eabi/bin/../lib/gcc/arm-none-eabi/12.3.1/thumb/v7-m/nofp\libm.a(libm_a-w_sqrt.o)
 .debug_frame   0x00001554       0x38 f:/my_app/sysgcc/arm-eabi/bin/../lib/gcc/arm-none-eabi/12.3.1/thumb/v7-m/nofp\libm.a(libm_a-e_sqrt.o)
 .debug_frame   0x0000158c       0x50 f:/my_app/sysgcc/arm-eabi/bin/../lib/gcc/arm-none-eabi/12.3.1/thumb/v7-m/nofp\libgcc.a(_arm_muldivdf3.o)
 .debug_frame   0x000015dc       0xc4 f:/my_app/sysgcc/arm-eabi/bin/../lib/gcc/arm-none-eabi/12.3.1/thumb/v7-m/nofp\libgcc.a(_arm_cmpdf2.o)
 .debug_frame   0x000016a0       0x20 f:/my_app/sysgcc/arm-eabi/bin/../lib/gcc/arm-none-eabi/12.3.1/thumb/v7-m/nofp\libgcc.a(_arm_unorddf2.o)

.debug_line_str
                0x00000000      0x16b
 .debug_line_str
                0x00000000       0x94 CMakeFiles/Example.elf.dir/Core/Startup/startup_stm32f10x_md.s.obj
 .debug_line_str
                0x00000094       0xca f:/my_app/sysgcc/arm-eabi/bin/../lib/gcc/arm-none-eabi/12.3.1/thumb/v7-m/nofp\libgcc.a(_arm_addsubdf3.o)
 .debug_line_str
                0x0000015e       0xca f:/my_app/sysgcc/arm-eabi/bin/../lib/gcc/arm-none-eabi/12.3.1/thumb/v7-m/nofp\libgcc.a(_arm_truncdfsf2.o)
 .debug_line_str
                0x0000015e        0xd f:/my_app/sysgcc/arm-eabi/bin/../lib/gcc/arm-none-eabi/12.3.1/thumb/v7-m/nofp\libgcc.a(_arm_addsubsf3.o)
                                 0xca (size before relaxing)
 .debug_line_str
                0x0000016b       0xca f:/my_app/sysgcc/arm-eabi/bin/../lib/gcc/arm-none-eabi/12.3.1/thumb/v7-m/nofp\libgcc.a(_arm_muldivsf3.o)
 .debug_line_str
                0x0000016b       0xca f:/my_app/sysgcc/arm-eabi/bin/../lib/gcc/arm-none-eabi/12.3.1/thumb/v7-m/nofp\libgcc.a(_arm_cmpsf2.o)
 .debug_line_str
                0x0000016b       0xca f:/my_app/sysgcc/arm-eabi/bin/../lib/gcc/arm-none-eabi/12.3.1/thumb/v7-m/nofp\libgcc.a(_arm_fixunssfsi.o)
 .debug_line_str
                0x0000016b       0xca f:/my_app/sysgcc/arm-eabi/bin/../lib/gcc/arm-none-eabi/12.3.1/thumb/v7-m/nofp\libgcc.a(_arm_muldivdf3.o)
 .debug_line_str
                0x0000016b       0xca f:/my_app/sysgcc/arm-eabi/bin/../lib/gcc/arm-none-eabi/12.3.1/thumb/v7-m/nofp\libgcc.a(_arm_cmpdf2.o)
 .debug_line_str
                0x0000016b       0xca f:/my_app/sysgcc/arm-eabi/bin/../lib/gcc/arm-none-eabi/12.3.1/thumb/v7-m/nofp\libgcc.a(_arm_unorddf2.o)
